POINT 1 h101 0 0.001
POINT 2 h101 -1 0.001
POINT 3 h101 1 0.001
POINT 4 h101 -2 0.001
POINT 5 h101 2 0.001
POINT 6 h101 0 0.004
POINT 7 h101 -1 0.004
POINT 8 h101 1 0.004
POINT 9 h101 -2 0.004
POINT 10 h101 2 0.004
POINT 11 h101 0 0.008
POINT 12 h101 -1 0.008
POINT 13 h101 1 0.008
POINT 14 h101 -2 0.008
POINT 15 h101 2 0.008
POINT 16 h101 0 0.0087240619
POINT 17 h101 -1 0.0087240619
POINT 18 h101 1 0.0087240619
POINT 19 h101 -2 0.0087240619
POINT 20 h101 2 0.0087240619
POINT 21 h101 0 0.008915094
POINT 22 h101 -1 0.008915094
POINT 23 h101 1 0.008915094
POINT 24 h101 -2 0.008915094
POINT 25 h101 2 0.008915094
POINT 26 h101 0 0.0091103091
POINT 27 h101 -1 0.0091103091
POINT 28 h101 1 0.0091103091
POINT 29 h101 -2 0.0091103091
POINT 30 h101 2 0.0091103091
POINT 31 h101 0 0.0093097989
POINT 32 h101 -1 0.0093097989
POINT 33 h101 1 0.0093097989
POINT 34 h101 -2 0.0093097989
POINT 35 h101 2 0.0093097989
POINT 36 h101 0 0.0095136569
POINT 37 h101 -1 0.0095136569
POINT 38 h101 1 0.0095136569
POINT 39 h101 -2 0.0095136569
POINT 40 h101 2 0.0095136569
POINT 41 h101 0 0.0097219789
POINT 42 h101 -1 0.0097219789
POINT 43 h101 1 0.0097219789
POINT 44 h101 -2 0.0097219789
POINT 45 h101 2 0.0097219789
POINT 46 h101 0 0.0099348625
POINT 47 h101 -1 0.0099348625
POINT 48 h101 1 0.0099348625
POINT 49 h101 -2 0.0099348625
POINT 50 h101 2 0.0099348625
POINT 51 h101 0 0.0101524076
POINT 52 h101 -1 0.0101524076
POINT 53 h101 1 0.0101524076
POINT 54 h101 -2 0.0101524076
POINT 55 h101 2 0.0101524076
POINT 56 h101 0 0.0103747164
POINT 57 h101 -1 0.0103747164
POINT 58 h101 1 0.0103747164
POINT 59 h101 -2 0.0103747164
POINT 60 h101 2 0.0103747164
POINT 61 h101 0 0.0106018931
POINT 62 h101 -1 0.0106018931
POINT 63 h101 1 0.0106018931
POINT 64 h101 -2 0.0106018931
POINT 65 h101 2 0.0106018931
POINT 66 h101 0 0.0108340444
POINT 67 h101 -1 0.0108340444
POINT 68 h101 1 0.0108340444
POINT 69 h101 -2 0.0108340444
POINT 70 h101 2 0.0108340444
POINT 71 h101 0 0.0110712791
POINT 72 h101 -1 0.0110712791
POINT 73 h101 1 0.0110712791
POINT 74 h101 -2 0.0110712791
POINT 75 h101 2 0.0110712791
POINT 76 h101 0 0.0113137085
POINT 77 h101 -1 0.0113137085
POINT 78 h101 1 0.0113137085
POINT 79 h101 -2 0.0113137085
POINT 80 h101 2 0.0113137085
POINT 81 h101 0 0.0118146092
POINT 82 h101 -1 0.0118146092
POINT 83 h101 1 0.0118146092
POINT 84 h101 -2 0.0118146092
POINT 85 h101 2 0.0118146092
POINT 86 h101 0 0.0123376866
POINT 87 h101 -1 0.0123376866
POINT 88 h101 1 0.0123376866
POINT 89 h101 -2 0.0123376866
POINT 90 h101 2 0.0123376866
POINT 91 h101 0 0.0134543426
POINT 92 h101 -1 0.0134543426
POINT 93 h101 1 0.0134543426
POINT 94 h101 -2 0.0134543426
POINT 95 h101 2 0.0134543426
POINT 96 h101 0 0.0146720647
POINT 97 h101 -1 0.0146720647
POINT 98 h101 1 0.0146720647
POINT 99 h101 -2 0.0146720647
POINT 100 h101 2 0.0146720647
POINT 101 h101 0 0.0153216525
POINT 102 h101 -1 0.0153216525
POINT 103 h101 1 0.0153216525
POINT 104 h101 -2 0.0153216525
POINT 105 h101 2 0.0153216525
POINT 106 h101 0 0.016
POINT 107 h101 -1 0.016
POINT 108 h101 1 0.016
POINT 109 h101 -2 0.016
POINT 110 h101 2 0.016
POINT 111 h101 0 0.0190273138
POINT 112 h101 -1 0.0190273138
POINT 113 h101 1 0.0190273138
POINT 114 h101 -2 0.0190273138
POINT 115 h101 2 0.0190273138
POINT 116 h101 0 0.0207494329
POINT 117 h101 -1 0.0207494329
POINT 118 h101 1 0.0207494329
POINT 119 h101 -2 0.0207494329
POINT 120 h101 2 0.0207494329
POINT 121 h101 0 0.022627417
POINT 122 h101 -1 0.022627417
POINT 123 h101 1 0.022627417
POINT 124 h101 -2 0.022627417
POINT 125 h101 2 0.022627417
POINT 126 h101 0 0.0246753732
POINT 127 h101 -1 0.0246753732
POINT 128 h101 1 0.0246753732
POINT 129 h101 -2 0.0246753732
POINT 130 h101 2 0.0246753732
POINT 131 h101 0 0.0269086853
POINT 132 h101 -1 0.0269086853
POINT 133 h101 1 0.0269086853
POINT 134 h101 -2 0.0269086853
POINT 135 h101 2 0.0269086853
POINT 136 h101 0 0.032
POINT 137 h101 -1 0.032
POINT 138 h101 1 0.032
POINT 139 h101 -2 0.032
POINT 140 h101 2 0.032
POINT 141 h101 0 0.064
POINT 142 h101 -1 0.064
POINT 143 h101 1 0.064
POINT 144 h101 -2 0.064
POINT 145 h101 2 0.064
POINT 146 h101 0 0.256
POINT 147 h101 -1 0.256
POINT 148 h101 1 0.256
POINT 149 h101 -2 0.256
POINT 150 h101 2 0.256
POINT 151 h101 0 0.512
POINT 152 h101 -1 0.512
POINT 153 h101 1 0.512
POINT 154 h101 -2 0.512
POINT 155 h101 2 0.512
POINT 156 h101 0 0.6088740429
POINT 157 h101 -1 0.6088740429
POINT 158 h101 1 0.6088740429
POINT 159 h101 -2 0.6088740429
POINT 160 h101 2 0.6088740429
POINT 161 h101 0 0.663981852
POINT 162 h101 -1 0.663981852
POINT 163 h101 1 0.663981852
POINT 164 h101 -2 0.663981852
POINT 165 h101 2 0.663981852
POINT 166 h101 0 0.7240773439
POINT 167 h101 -1 0.7240773439
POINT 168 h101 1 0.7240773439
POINT 169 h101 -2 0.7240773439
POINT 170 h101 2 0.7240773439
POINT 171 h101 0 1.024
POINT 172 h101 -1 1.024
POINT 173 h101 1 1.024
POINT 174 h101 -2 1.024
POINT 175 h101 2 1.024
POINT 176 h101 0 2.048
POINT 177 h101 -1 2.048
POINT 178 h101 1 2.048
POINT 179 h101 -2 2.048
POINT 180 h101 2 2.048
POINT 181 h101 0 2.8963093757
POINT 182 h101 -1 2.8963093757
POINT 183 h101 1 2.8963093757
POINT 184 h101 -2 2.8963093757
POINT 185 h101 2 2.8963093757
POINT 186 h101 0 3.0245399468
POINT 187 h101 -1 3.0245399468
POINT 188 h101 1 3.0245399468
POINT 189 h101 -2 3.0245399468
POINT 190 h101 2 3.0245399468
POINT 191 h101 0 3.0907687477
POINT 192 h101 -1 3.0907687477
POINT 193 h101 1 3.0907687477
POINT 194 h101 -2 3.0907687477
POINT 195 h101 2 3.0907687477
POINT 196 h101 0 3.1584477704
POINT 197 h101 -1 3.1584477704
POINT 198 h101 1 3.1584477704
POINT 199 h101 -2 3.1584477704
POINT 200 h101 2 3.1584477704
POINT 201 h101 0 3.4443117169
POINT 202 h101 -1 3.4443117169
POINT 203 h101 1 3.4443117169
POINT 204 h101 -2 3.4443117169
POINT 205 h101 2 3.4443117169
POINT 206 h101 0 3.756048561
POINT 207 h101 -1 3.756048561
POINT 208 h101 1 3.756048561
POINT 209 h101 -2 3.756048561
POINT 210 h101 2 3.756048561
POINT 211 h101 0 3.8382953147
POINT 212 h101 -1 3.8382953147
POINT 213 h101 1 3.8382953147
POINT 214 h101 -2 3.8382953147
POINT 215 h101 2 3.8382953147
POINT 216 h101 0 3.9223430378
POINT 217 h101 -1 3.9223430378
POINT 218 h101 1 3.9223430378
POINT 219 h101 -2 3.9223430378
POINT 220 h101 2 3.9223430378
POINT 221 h101 0 4.096
POINT 222 h101 -1 4.096
POINT 223 h101 1 4.096
POINT 224 h101 -2 4.096
POINT 225 h101 2 4.096
POINT 226 h101 0 4.1856907209
POINT 227 h101 -1 4.1856907209
POINT 228 h101 1 4.1856907209
POINT 229 h101 -2 4.1856907209
POINT 230 h101 2 4.1856907209
POINT 231 h101 0 4.2773454128
POINT 232 h101 -1 4.2773454128
POINT 233 h101 1 4.2773454128
POINT 234 h101 -2 4.2773454128
POINT 235 h101 2 4.2773454128
POINT 236 h101 0 4.466719673
POINT 237 h101 -1 4.466719673
POINT 238 h101 1 4.466719673
POINT 239 h101 -2 4.466719673
POINT 240 h101 2 4.466719673
POINT 241 h101 0 4.8709923431
POINT 242 h101 -1 4.8709923431
POINT 243 h101 1 4.8709923431
POINT 244 h101 -2 4.8709923431
POINT 245 h101 2 4.8709923431
POINT 246 h101 0 5.7926187515
POINT 247 h101 -1 5.7926187515
POINT 248 h101 1 5.7926187515
POINT 249 h101 -2 5.7926187515
POINT 250 h101 2 5.7926187515
POINT 251 h101 0 6.8886234338
POINT 252 h101 -1 6.8886234338
POINT 253 h101 1 6.8886234338
POINT 254 h101 -2 6.8886234338
POINT 255 h101 2 6.8886234338
POINT 256 h101 0 7.1936088489
POINT 257 h101 -1 7.1936088489
POINT 258 h101 1 7.1936088489
POINT 259 h101 -2 7.1936088489
POINT 260 h101 2 7.1936088489
POINT 261 h101 0 7.512097122
POINT 262 h101 -1 7.512097122
POINT 263 h101 1 7.512097122
POINT 264 h101 -2 7.512097122
POINT 265 h101 2 7.512097122
POINT 266 h101 0 7.8446860755
POINT 267 h101 -1 7.8446860755
POINT 268 h101 1 7.8446860755
POINT 269 h101 -2 7.8446860755
POINT 270 h101 2 7.8446860755
POINT 271 h101 0 8.192
POINT 272 h101 -1 8.192
POINT 273 h101 1 8.192
POINT 274 h101 -2 8.192
POINT 275 h101 2 8.192
POINT 276 h101 0 8.5546908256
POINT 277 h101 -1 8.5546908256
POINT 278 h101 1 8.5546908256
POINT 279 h101 -2 8.5546908256
POINT 280 h101 2 8.5546908256
POINT 281 h101 0 8.7420141623
POINT 282 h101 -1 8.7420141623
POINT 283 h101 1 8.7420141623
POINT 284 h101 -2 8.7420141623
POINT 285 h101 2 8.7420141623
POINT 286 h101 0 8.933439346
POINT 287 h101 -1 8.933439346
POINT 288 h101 1 8.933439346
POINT 289 h101 -2 8.933439346
POINT 290 h101 2 8.933439346
POINT 291 h101 0 9.3289564959
POINT 292 h101 -1 9.3289564959
POINT 293 h101 1 9.3289564959
POINT 294 h101 -2 9.3289564959
POINT 295 h101 2 9.3289564959
POINT 296 h101 0 9.5332340431
POINT 297 h101 -1 9.5332340431
POINT 298 h101 1 9.5332340431
POINT 299 h101 -2 9.5332340431
POINT 300 h101 2 9.5332340431
POINT 301 h101 0 9.7419846861
POINT 302 h101 -1 9.7419846861
POINT 303 h101 1 9.7419846861
POINT 304 h101 -2 9.7419846861
POINT 305 h101 2 9.7419846861
POINT 306 h101 0 10.1732991965
POINT 307 h101 -1 10.1732991965
POINT 308 h101 1 10.1732991965
POINT 309 h101 -2 10.1732991965
POINT 310 h101 2 10.1732991965
POINT 311 h101 0 10.3960654413
POINT 312 h101 -1 10.3960654413
POINT 313 h101 1 10.3960654413
POINT 314 h101 -2 10.3960654413
POINT 315 h101 2 10.3960654413
POINT 316 h101 0 10.6237096317
POINT 317 h101 -1 10.6237096317
POINT 318 h101 1 10.6237096317
POINT 319 h101 -2 10.6237096317
POINT 320 h101 2 10.6237096317
POINT 321 h101 0 11.0940614405
POINT 322 h101 -1 11.0940614405
POINT 323 h101 1 11.0940614405
POINT 324 h101 -2 11.0940614405
POINT 325 h101 2 11.0940614405
POINT 326 h101 0 11.3369897531
POINT 327 h101 -1 11.3369897531
POINT 328 h101 1 11.3369897531
POINT 329 h101 -2 11.3369897531
POINT 330 h101 2 11.3369897531
POINT 331 h101 0 11.585237503
POINT 332 h101 -1 11.585237503
POINT 333 h101 1 11.585237503
POINT 334 h101 -2 11.585237503
POINT 335 h101 2 11.585237503
POINT 336 h101 0 11.8389211708
POINT 337 h101 -1 11.8389211708
POINT 338 h101 1 11.8389211708
POINT 339 h101 -2 11.8389211708
POINT 340 h101 2 11.8389211708
POINT 341 h101 0 12.0981597876
POINT 342 h101 -1 12.0981597876
POINT 343 h101 1 12.0981597876
POINT 344 h101 -2 12.0981597876
POINT 345 h101 2 12.0981597876
POINT 346 h101 0 12.6337910818
POINT 347 h101 -1 12.6337910818
POINT 348 h101 1 12.6337910818
POINT 349 h101 -2 12.6337910818
POINT 350 h101 2 12.6337910818
POINT 351 h101 0 13.1931367994
POINT 352 h101 -1 13.1931367994
POINT 353 h101 1 13.1931367994
POINT 354 h101 -2 13.1931367994
POINT 355 h101 2 13.1931367994
POINT 356 h101 0 13.4820288771
POINT 357 h101 -1 13.4820288771
POINT 358 h101 1 13.4820288771
POINT 359 h101 -2 13.4820288771
POINT 360 h101 2 13.4820288771
POINT 361 h101 0 13.7772468675
POINT 362 h101 -1 13.7772468675
POINT 363 h101 1 13.7772468675
POINT 364 h101 -2 13.7772468675
POINT 365 h101 2 13.7772468675
POINT 366 h101 0 16.384
POINT 367 h101 -1 16.384
POINT 368 h101 1 16.384
POINT 369 h101 -2 16.384
POINT 370 h101 2 16.384
POINT 371 h101 0 65.536
POINT 372 h101 -1 65.536
POINT 373 h101 1 65.536
POINT 374 h101 -2 65.536
POINT 375 h101 2 65.536
POINT 376 h102 0 0.001
POINT 377 h102 -1 0.001
POINT 378 h102 1 0.001
POINT 379 h102 -2 0.001
POINT 380 h102 2 0.001
POINT 381 h102 0 0.004
POINT 382 h102 -1 0.004
POINT 383 h102 1 0.004
POINT 384 h102 -2 0.004
POINT 385 h102 2 0.004
POINT 386 h102 0 0.0056568542
POINT 387 h102 -1 0.0056568542
POINT 388 h102 1 0.0056568542
POINT 389 h102 -2 0.0056568542
POINT 390 h102 2 0.0056568542
POINT 391 h102 0 0.0067271713
POINT 392 h102 -1 0.0067271713
POINT 393 h102 1 0.0067271713
POINT 394 h102 -2 0.0067271713
POINT 395 h102 2 0.0067271713
POINT 396 h102 0 0.0073360323
POINT 397 h102 -1 0.0073360323
POINT 398 h102 1 0.0073360323
POINT 399 h102 -2 0.0073360323
POINT 400 h102 2 0.0073360323
POINT 401 h102 0 0.0074966705
POINT 402 h102 -1 0.0074966705
POINT 403 h102 1 0.0074966705
POINT 404 h102 -2 0.0074966705
POINT 405 h102 2 0.0074966705
POINT 406 h102 0 0.0076608262
POINT 407 h102 -1 0.0076608262
POINT 408 h102 1 0.0076608262
POINT 409 h102 -2 0.0076608262
POINT 410 h102 2 0.0076608262
POINT 411 h102 0 0.0078285765
POINT 412 h102 -1 0.0078285765
POINT 413 h102 1 0.0078285765
POINT 414 h102 -2 0.0078285765
POINT 415 h102 2 0.0078285765
POINT 416 h102 0 0.008
POINT 417 h102 -1 0.008
POINT 418 h102 1 0.008
POINT 419 h102 -2 0.008
POINT 420 h102 2 0.008
POINT 421 h102 0 0.0081751772
POINT 422 h102 -1 0.0081751772
POINT 423 h102 1 0.0081751772
POINT 424 h102 -2 0.0081751772
POINT 425 h102 2 0.0081751772
POINT 426 h102 0 0.0083541903
POINT 427 h102 -1 0.0083541903
POINT 428 h102 1 0.0083541903
POINT 429 h102 -2 0.0083541903
POINT 430 h102 2 0.0083541903
POINT 431 h102 0 0.0085371232
POINT 432 h102 -1 0.0085371232
POINT 433 h102 1 0.0085371232
POINT 434 h102 -2 0.0085371232
POINT 435 h102 2 0.0085371232
POINT 436 h102 0 0.0087240619
POINT 437 h102 -1 0.0087240619
POINT 438 h102 1 0.0087240619
POINT 439 h102 -2 0.0087240619
POINT 440 h102 2 0.0087240619
POINT 441 h102 0 0.008915094
POINT 442 h102 -1 0.008915094
POINT 443 h102 1 0.008915094
POINT 444 h102 -2 0.008915094
POINT 445 h102 2 0.008915094
POINT 446 h102 0 0.0091103091
POINT 447 h102 -1 0.0091103091
POINT 448 h102 1 0.0091103091
POINT 449 h102 -2 0.0091103091
POINT 450 h102 2 0.0091103091
POINT 451 h102 0 0.0093097989
POINT 452 h102 -1 0.0093097989
POINT 453 h102 1 0.0093097989
POINT 454 h102 -2 0.0093097989
POINT 455 h102 2 0.0093097989
POINT 456 h102 0 0.0095136569
POINT 457 h102 -1 0.0095136569
POINT 458 h102 1 0.0095136569
POINT 459 h102 -2 0.0095136569
POINT 460 h102 2 0.0095136569
POINT 461 h102 0 0.0097219789
POINT 462 h102 -1 0.0097219789
POINT 463 h102 1 0.0097219789
POINT 464 h102 -2 0.0097219789
POINT 465 h102 2 0.0097219789
POINT 466 h102 0 0.0099348625
POINT 467 h102 -1 0.0099348625
POINT 468 h102 1 0.0099348625
POINT 469 h102 -2 0.0099348625
POINT 470 h102 2 0.0099348625
POINT 471 h102 0 0.0103747164
POINT 472 h102 -1 0.0103747164
POINT 473 h102 1 0.0103747164
POINT 474 h102 -2 0.0103747164
POINT 475 h102 2 0.0103747164
POINT 476 h102 0 0.0106018931
POINT 477 h102 -1 0.0106018931
POINT 478 h102 1 0.0106018931
POINT 479 h102 -2 0.0106018931
POINT 480 h102 2 0.0106018931
POINT 481 h102 0 0.0108340444
POINT 482 h102 -1 0.0108340444
POINT 483 h102 1 0.0108340444
POINT 484 h102 -2 0.0108340444
POINT 485 h102 2 0.0108340444
POINT 486 h102 0 0.0113137085
POINT 487 h102 -1 0.0113137085
POINT 488 h102 1 0.0113137085
POINT 489 h102 -2 0.0113137085
POINT 490 h102 2 0.0113137085
POINT 491 h102 0 0.016
POINT 492 h102 -1 0.016
POINT 493 h102 1 0.016
POINT 494 h102 -2 0.016
POINT 495 h102 2 0.016
POINT 496 h102 0 0.064
POINT 497 h102 -1 0.064
POINT 498 h102 1 0.064
POINT 499 h102 -2 0.064
POINT 500 h102 2 0.064
POINT 501 h102 0 0.256
POINT 502 h102 -1 0.256
POINT 503 h102 1 0.256
POINT 504 h102 -2 0.256
POINT 505 h102 2 0.256
POINT 506 h102 0 0.362038672
POINT 507 h102 -1 0.362038672
POINT 508 h102 1 0.362038672
POINT 509 h102 -2 0.362038672
POINT 510 h102 2 0.362038672
POINT 511 h102 0 0.4305389646
POINT 512 h102 -1 0.4305389646
POINT 513 h102 1 0.4305389646
POINT 514 h102 -2 0.4305389646
POINT 515 h102 2 0.4305389646
POINT 516 h102 0 0.512
POINT 517 h102 -1 0.512
POINT 518 h102 1 0.512
POINT 519 h102 -2 0.512
POINT 520 h102 2 0.512
POINT 521 h102 0 1.024
POINT 522 h102 -1 1.024
POINT 523 h102 1 1.024
POINT 524 h102 -2 1.024
POINT 525 h102 2 1.024
POINT 526 h102 0 1.4481546879
POINT 527 h102 -1 1.4481546879
POINT 528 h102 1 1.4481546879
POINT 529 h102 -2 1.4481546879
POINT 530 h102 2 1.4481546879
POINT 531 h102 0 1.5122699735
POINT 532 h102 -1 1.5122699735
POINT 533 h102 1 1.5122699735
POINT 534 h102 -2 1.5122699735
POINT 535 h102 2 1.5122699735
POINT 536 h102 0 1.5453843739
POINT 537 h102 -1 1.5453843739
POINT 538 h102 1 1.5453843739
POINT 539 h102 -2 1.5453843739
POINT 540 h102 2 1.5453843739
POINT 541 h102 0 1.5792238853
POINT 542 h102 -1 1.5792238853
POINT 543 h102 1 1.5792238853
POINT 544 h102 -2 1.5792238853
POINT 545 h102 2 1.5792238853
POINT 546 h102 0 1.7221558585
POINT 547 h102 -1 1.7221558585
POINT 548 h102 1 1.7221558585
POINT 549 h102 -2 1.7221558585
POINT 550 h102 2 1.7221558585
POINT 551 h102 0 2.048
POINT 552 h102 -1 2.048
POINT 553 h102 1 2.048
POINT 554 h102 -2 2.048
POINT 555 h102 2 2.048
POINT 556 h102 0 2.2333598365
POINT 557 h102 -1 2.2333598365
POINT 558 h102 1 2.2333598365
POINT 559 h102 -2 2.2333598365
POINT 560 h102 2 2.2333598365
POINT 561 h102 0 2.2822640488
POINT 562 h102 -1 2.2822640488
POINT 563 h102 1 2.2822640488
POINT 564 h102 -2 2.2822640488
POINT 565 h102 2 2.2822640488
POINT 566 h102 0 2.332239124
POINT 567 h102 -1 2.332239124
POINT 568 h102 1 2.332239124
POINT 569 h102 -2 2.332239124
POINT 570 h102 2 2.332239124
POINT 571 h102 0 2.3833085108
POINT 572 h102 -1 2.3833085108
POINT 573 h102 1 2.3833085108
POINT 574 h102 -2 2.3833085108
POINT 575 h102 2 2.3833085108
POINT 576 h102 0 2.4354961715
POINT 577 h102 -1 2.4354961715
POINT 578 h102 1 2.4354961715
POINT 579 h102 -2 2.4354961715
POINT 580 h102 2 2.4354961715
POINT 581 h102 0 2.4888265932
POINT 582 h102 -1 2.4888265932
POINT 583 h102 1 2.4888265932
POINT 584 h102 -2 2.4888265932
POINT 585 h102 2 2.4888265932
POINT 586 h102 0 2.5433247991
POINT 587 h102 -1 2.5433247991
POINT 588 h102 1 2.5433247991
POINT 589 h102 -2 2.5433247991
POINT 590 h102 2 2.5433247991
POINT 591 h102 0 2.6559274079
POINT 592 h102 -1 2.6559274079
POINT 593 h102 1 2.6559274079
POINT 594 h102 -2 2.6559274079
POINT 595 h102 2 2.6559274079
POINT 596 h102 0 2.8963093757
POINT 597 h102 -1 2.8963093757
POINT 598 h102 1 2.8963093757
POINT 599 h102 -2 2.8963093757
POINT 600 h102 2 2.8963093757
POINT 601 h102 0 4.096
POINT 602 h102 -1 4.096
POINT 603 h102 1 4.096
POINT 604 h102 -2 4.096
POINT 605 h102 2 4.096
POINT 606 h102 0 4.8709923431
POINT 607 h102 -1 4.8709923431
POINT 608 h102 1 4.8709923431
POINT 609 h102 -2 4.8709923431
POINT 610 h102 2 4.8709923431
POINT 611 h102 0 5.3118548159
POINT 612 h102 -1 5.3118548159
POINT 613 h102 1 5.3118548159
POINT 614 h102 -2 5.3118548159
POINT 615 h102 2 5.3118548159
POINT 616 h102 0 5.5470307203
POINT 617 h102 -1 5.5470307203
POINT 618 h102 1 5.5470307203
POINT 619 h102 -2 5.5470307203
POINT 620 h102 2 5.5470307203
POINT 621 h102 0 5.7926187515
POINT 622 h102 -1 5.7926187515
POINT 623 h102 1 5.7926187515
POINT 624 h102 -2 5.7926187515
POINT 625 h102 2 5.7926187515
POINT 626 h102 0 5.9194605854
POINT 627 h102 -1 5.9194605854
POINT 628 h102 1 5.9194605854
POINT 629 h102 -2 5.9194605854
POINT 630 h102 2 5.9194605854
POINT 631 h102 0 6.0490798938
POINT 632 h102 -1 6.0490798938
POINT 633 h102 1 6.0490798938
POINT 634 h102 -2 6.0490798938
POINT 635 h102 2 6.0490798938
POINT 636 h102 0 6.3168955409
POINT 637 h102 -1 6.3168955409
POINT 638 h102 1 6.3168955409
POINT 639 h102 -2 6.3168955409
POINT 640 h102 2 6.3168955409
POINT 641 h102 0 6.4552175416
POINT 642 h102 -1 6.4552175416
POINT 643 h102 1 6.4552175416
POINT 644 h102 -2 6.4552175416
POINT 645 h102 2 6.4552175416
POINT 646 h102 0 6.5965683997
POINT 647 h102 -1 6.5965683997
POINT 648 h102 1 6.5965683997
POINT 649 h102 -2 6.5965683997
POINT 650 h102 2 6.5965683997
POINT 651 h102 0 6.8886234338
POINT 652 h102 -1 6.8886234338
POINT 653 h102 1 6.8886234338
POINT 654 h102 -2 6.8886234338
POINT 655 h102 2 6.8886234338
POINT 656 h102 0 7.0394646451
POINT 657 h102 -1 7.0394646451
POINT 658 h102 1 7.0394646451
POINT 659 h102 -2 7.0394646451
POINT 660 h102 2 7.0394646451
POINT 661 h102 0 7.1936088489
POINT 662 h102 -1 7.1936088489
POINT 663 h102 1 7.1936088489
POINT 664 h102 -2 7.1936088489
POINT 665 h102 2 7.1936088489
POINT 666 h102 0 7.3511283713
POINT 667 h102 -1 7.3511283713
POINT 668 h102 1 7.3511283713
POINT 669 h102 -2 7.3511283713
POINT 670 h102 2 7.3511283713
POINT 671 h102 0 7.512097122
POINT 672 h102 -1 7.512097122
POINT 673 h102 1 7.512097122
POINT 674 h102 -2 7.512097122
POINT 675 h102 2 7.512097122
POINT 676 h102 0 7.6765906294
POINT 677 h102 -1 7.6765906294
POINT 678 h102 1 7.6765906294
POINT 679 h102 -2 7.6765906294
POINT 680 h102 2 7.6765906294
POINT 681 h102 0 7.8446860755
POINT 682 h102 -1 7.8446860755
POINT 683 h102 1 7.8446860755
POINT 684 h102 -2 7.8446860755
POINT 685 h102 2 7.8446860755
POINT 686 h102 0 8.0164623326
POINT 687 h102 -1 8.0164623326
POINT 688 h102 1 8.0164623326
POINT 689 h102 -2 8.0164623326
POINT 690 h102 2 8.0164623326
POINT 691 h102 0 8.192
POINT 692 h102 -1 8.192
POINT 693 h102 1 8.192
POINT 694 h102 -2 8.192
POINT 695 h102 2 8.192
POINT 696 h102 0 8.3713814418
POINT 697 h102 -1 8.3713814418
POINT 698 h102 1 8.3713814418
POINT 699 h102 -2 8.3713814418
POINT 700 h102 2 8.3713814418
POINT 701 h102 0 8.5546908256
POINT 702 h102 -1 8.5546908256
POINT 703 h102 1 8.5546908256
POINT 704 h102 -2 8.5546908256
POINT 705 h102 2 8.5546908256
POINT 706 h102 0 8.7420141623
POINT 707 h102 -1 8.7420141623
POINT 708 h102 1 8.7420141623
POINT 709 h102 -2 8.7420141623
POINT 710 h102 2 8.7420141623
POINT 711 h102 0 8.933439346
POINT 712 h102 -1 8.933439346
POINT 713 h102 1 8.933439346
POINT 714 h102 -2 8.933439346
POINT 715 h102 2 8.933439346
POINT 716 h102 0 9.1290561953
POINT 717 h102 -1 9.1290561953
POINT 718 h102 1 9.1290561953
POINT 719 h102 -2 9.1290561953
POINT 720 h102 2 9.1290561953
POINT 721 h102 0 9.3289564959
POINT 722 h102 -1 9.3289564959
POINT 723 h102 1 9.3289564959
POINT 724 h102 -2 9.3289564959
POINT 725 h102 2 9.3289564959
POINT 726 h102 0 9.7419846861
POINT 727 h102 -1 9.7419846861
POINT 728 h102 1 9.7419846861
POINT 729 h102 -2 9.7419846861
POINT 730 h102 2 9.7419846861
POINT 731 h102 0 9.955306373
POINT 732 h102 -1 9.955306373
POINT 733 h102 1 9.955306373
POINT 734 h102 -2 9.955306373
POINT 735 h102 2 9.955306373
POINT 736 h102 0 10.1732991965
POINT 737 h102 -1 10.1732991965
POINT 738 h102 1 10.1732991965
POINT 739 h102 -2 10.1732991965
POINT 740 h102 2 10.1732991965
POINT 741 h102 0 10.6237096317
POINT 742 h102 -1 10.6237096317
POINT 743 h102 1 10.6237096317
POINT 744 h102 -2 10.6237096317
POINT 745 h102 2 10.6237096317
POINT 746 h102 0 11.585237503
POINT 747 h102 -1 11.585237503
POINT 748 h102 1 11.585237503
POINT 749 h102 -2 11.585237503
POINT 750 h102 2 11.585237503
POINT 751 h102 0 16.384
POINT 752 h102 -1 16.384
POINT 753 h102 1 16.384
POINT 754 h102 -2 16.384
POINT 755 h102 2 16.384
POINT 756 h102 0 65.536
POINT 757 h102 -1 65.536
POINT 758 h102 1 65.536
POINT 759 h102 -2 65.536
POINT 760 h102 2 65.536
POINT 761 h103 0 0.001
POINT 762 h103 -1 0.001
POINT 763 h103 1 0.001
POINT 764 h103 -2 0.001
POINT 765 h103 2 0.001
POINT 766 h103 0 0.004
POINT 767 h103 -1 0.004
POINT 768 h103 1 0.004
POINT 769 h103 -2 0.004
POINT 770 h103 2 0.004
POINT 771 h103 0 0.0056568542
POINT 772 h103 -1 0.0056568542
POINT 773 h103 1 0.0056568542
POINT 774 h103 -2 0.0056568542
POINT 775 h103 2 0.0056568542
POINT 776 h103 0 0.0067271713
POINT 777 h103 -1 0.0067271713
POINT 778 h103 1 0.0067271713
POINT 779 h103 -2 0.0067271713
POINT 780 h103 2 0.0067271713
POINT 781 h103 0 0.0073360323
POINT 782 h103 -1 0.0073360323
POINT 783 h103 1 0.0073360323
POINT 784 h103 -2 0.0073360323
POINT 785 h103 2 0.0073360323
POINT 786 h103 0 0.0074966705
POINT 787 h103 -1 0.0074966705
POINT 788 h103 1 0.0074966705
POINT 789 h103 -2 0.0074966705
POINT 790 h103 2 0.0074966705
POINT 791 h103 0 0.0076608262
POINT 792 h103 -1 0.0076608262
POINT 793 h103 1 0.0076608262
POINT 794 h103 -2 0.0076608262
POINT 795 h103 2 0.0076608262
POINT 796 h103 0 0.0078285765
POINT 797 h103 -1 0.0078285765
POINT 798 h103 1 0.0078285765
POINT 799 h103 -2 0.0078285765
POINT 800 h103 2 0.0078285765
POINT 801 h103 0 0.008
POINT 802 h103 -1 0.008
POINT 803 h103 1 0.008
POINT 804 h103 -2 0.008
POINT 805 h103 2 0.008
POINT 806 h103 0 0.0081751772
POINT 807 h103 -1 0.0081751772
POINT 808 h103 1 0.0081751772
POINT 809 h103 -2 0.0081751772
POINT 810 h103 2 0.0081751772
POINT 811 h103 0 0.0083541903
POINT 812 h103 -1 0.0083541903
POINT 813 h103 1 0.0083541903
POINT 814 h103 -2 0.0083541903
POINT 815 h103 2 0.0083541903
POINT 816 h103 0 0.0085371232
POINT 817 h103 -1 0.0085371232
POINT 818 h103 1 0.0085371232
POINT 819 h103 -2 0.0085371232
POINT 820 h103 2 0.0085371232
POINT 821 h103 0 0.0087240619
POINT 822 h103 -1 0.0087240619
POINT 823 h103 1 0.0087240619
POINT 824 h103 -2 0.0087240619
POINT 825 h103 2 0.0087240619
POINT 826 h103 0 0.0095136569
POINT 827 h103 -1 0.0095136569
POINT 828 h103 1 0.0095136569
POINT 829 h103 -2 0.0095136569
POINT 830 h103 2 0.0095136569
POINT 831 h103 0 0.0113137085
POINT 832 h103 -1 0.0113137085
POINT 833 h103 1 0.0113137085
POINT 834 h103 -2 0.0113137085
POINT 835 h103 2 0.0113137085
POINT 836 h103 0 0.016
POINT 837 h103 -1 0.016
POINT 838 h103 1 0.016
POINT 839 h103 -2 0.016
POINT 840 h103 2 0.016
POINT 841 h103 0 0.064
POINT 842 h103 -1 0.064
POINT 843 h103 1 0.064
POINT 844 h103 -2 0.064
POINT 845 h103 2 0.064
POINT 846 h103 0 0.256
POINT 847 h103 -1 0.256
POINT 848 h103 1 0.256
POINT 849 h103 -2 0.256
POINT 850 h103 2 0.256
POINT 851 h103 0 0.512
POINT 852 h103 -1 0.512
POINT 853 h103 1 0.512
POINT 854 h103 -2 0.512
POINT 855 h103 2 0.512
POINT 856 h103 0 0.7240773439
POINT 857 h103 -1 0.7240773439
POINT 858 h103 1 0.7240773439
POINT 859 h103 -2 0.7240773439
POINT 860 h103 2 0.7240773439
POINT 861 h103 0 0.8610779292
POINT 862 h103 -1 0.8610779292
POINT 863 h103 1 0.8610779292
POINT 864 h103 -2 0.8610779292
POINT 865 h103 2 0.8610779292
POINT 866 h103 0 0.8799330806
POINT 867 h103 -1 0.8799330806
POINT 868 h103 1 0.8799330806
POINT 869 h103 -2 0.8799330806
POINT 870 h103 2 0.8799330806
POINT 871 h103 0 0.8992011061
POINT 872 h103 -1 0.8992011061
POINT 873 h103 1 0.8992011061
POINT 874 h103 -2 0.8992011061
POINT 875 h103 2 0.8992011061
POINT 876 h103 0 0.9188910464
POINT 877 h103 -1 0.9188910464
POINT 878 h103 1 0.9188910464
POINT 879 h103 -2 0.9188910464
POINT 880 h103 2 0.9188910464
POINT 881 h103 0 0.9390121402
POINT 882 h103 -1 0.9390121402
POINT 883 h103 1 0.9390121402
POINT 884 h103 -2 0.9390121402
POINT 885 h103 2 0.9390121402
POINT 886 h103 0 0.9595738286
POINT 887 h103 -1 0.9595738286
POINT 888 h103 1 0.9595738286
POINT 889 h103 -2 0.9595738286
POINT 890 h103 2 0.9595738286
POINT 891 h103 0 0.9805857594
POINT 892 h103 -1 0.9805857594
POINT 893 h103 1 0.9805857594
POINT 894 h103 -2 0.9805857594
POINT 895 h103 2 0.9805857594
POINT 896 h103 0 1.024
POINT 897 h103 -1 1.024
POINT 898 h103 1 1.024
POINT 899 h103 -2 1.024
POINT 900 h103 2 1.024
POINT 901 h103 0 1.4481546879
POINT 902 h103 -1 1.4481546879
POINT 903 h103 1 1.4481546879
POINT 904 h103 -2 1.4481546879
POINT 905 h103 2 1.4481546879
POINT 906 h103 0 1.7221558585
POINT 907 h103 -1 1.7221558585
POINT 908 h103 1 1.7221558585
POINT 909 h103 -2 1.7221558585
POINT 910 h103 2 1.7221558585
POINT 911 h103 0 1.7598661613
POINT 912 h103 -1 1.7598661613
POINT 913 h103 1 1.7598661613
POINT 914 h103 -2 1.7598661613
POINT 915 h103 2 1.7598661613
POINT 916 h103 0 1.7984022123
POINT 917 h103 -1 1.7984022123
POINT 918 h103 1 1.7984022123
POINT 919 h103 -2 1.7984022123
POINT 920 h103 2 1.7984022123
POINT 921 h103 0 1.8377820929
POINT 922 h103 -1 1.8377820929
POINT 923 h103 1 1.8377820929
POINT 924 h103 -2 1.8377820929
POINT 925 h103 2 1.8377820929
POINT 926 h103 0 1.8780242805
POINT 927 h103 -1 1.8780242805
POINT 928 h103 1 1.8780242805
POINT 929 h103 -2 1.8780242805
POINT 930 h103 2 1.8780242805
POINT 931 h103 0 2.048
POINT 932 h103 -1 2.048
POINT 933 h103 1 2.048
POINT 934 h103 -2 2.048
POINT 935 h103 2 2.048
POINT 936 h103 0 2.4354961715
POINT 937 h103 -1 2.4354961715
POINT 938 h103 1 2.4354961715
POINT 939 h103 -2 2.4354961715
POINT 940 h103 2 2.4354961715
POINT 941 h103 0 2.6559274079
POINT 942 h103 -1 2.6559274079
POINT 943 h103 1 2.6559274079
POINT 944 h103 -2 2.6559274079
POINT 945 h103 2 2.6559274079
POINT 946 h103 0 2.7140846452
POINT 947 h103 -1 2.7140846452
POINT 948 h103 1 2.7140846452
POINT 949 h103 -2 2.7140846452
POINT 950 h103 2 2.7140846452
POINT 951 h103 0 2.7735153601
POINT 952 h103 -1 2.7735153601
POINT 953 h103 1 2.7735153601
POINT 954 h103 -2 2.7735153601
POINT 955 h103 2 2.7735153601
POINT 956 h103 0 2.8342474382
POINT 957 h103 -1 2.8342474382
POINT 958 h103 1 2.8342474382
POINT 959 h103 -2 2.8342474382
POINT 960 h103 2 2.8342474382
POINT 961 h103 0 2.8963093757
POINT 962 h103 -1 2.8963093757
POINT 963 h103 1 2.8963093757
POINT 964 h103 -2 2.8963093757
POINT 965 h103 2 2.8963093757
POINT 966 h103 0 4.096
POINT 967 h103 -1 4.096
POINT 968 h103 1 4.096
POINT 969 h103 -2 4.096
POINT 970 h103 2 4.096
POINT 971 h103 0 4.8709923431
POINT 972 h103 -1 4.8709923431
POINT 973 h103 1 4.8709923431
POINT 974 h103 -2 4.8709923431
POINT 975 h103 2 4.8709923431
POINT 976 h103 0 5.3118548159
POINT 977 h103 -1 5.3118548159
POINT 978 h103 1 5.3118548159
POINT 979 h103 -2 5.3118548159
POINT 980 h103 2 5.3118548159
POINT 981 h103 0 5.5470307203
POINT 982 h103 -1 5.5470307203
POINT 983 h103 1 5.5470307203
POINT 984 h103 -2 5.5470307203
POINT 985 h103 2 5.5470307203
POINT 986 h103 0 5.6684948766
POINT 987 h103 -1 5.6684948766
POINT 988 h103 1 5.6684948766
POINT 989 h103 -2 5.6684948766
POINT 990 h103 2 5.6684948766
POINT 991 h103 0 5.7926187515
POINT 992 h103 -1 5.7926187515
POINT 993 h103 1 5.7926187515
POINT 994 h103 -2 5.7926187515
POINT 995 h103 2 5.7926187515
POINT 996 h103 0 6.3168955409
POINT 997 h103 -1 6.3168955409
POINT 998 h103 1 6.3168955409
POINT 999 h103 -2 6.3168955409
POINT 1000 h103 2 6.3168955409
POINT 1001 h103 0 6.4552175416
POINT 1002 h103 -1 6.4552175416
POINT 1003 h103 1 6.4552175416
POINT 1004 h103 -2 6.4552175416
POINT 1005 h103 2 6.4552175416
POINT 1006 h103 0 6.5965683997
POINT 1007 h103 -1 6.5965683997
POINT 1008 h103 1 6.5965683997
POINT 1009 h103 -2 6.5965683997
POINT 1010 h103 2 6.5965683997
POINT 1011 h103 0 6.7410144386
POINT 1012 h103 -1 6.7410144386
POINT 1013 h103 1 6.7410144386
POINT 1014 h103 -2 6.7410144386
POINT 1015 h103 2 6.7410144386
POINT 1016 h103 0 6.8886234338
POINT 1017 h103 -1 6.8886234338
POINT 1018 h103 1 6.8886234338
POINT 1019 h103 -2 6.8886234338
POINT 1020 h103 2 6.8886234338
POINT 1021 h103 0 7.0394646451
POINT 1022 h103 -1 7.0394646451
POINT 1023 h103 1 7.0394646451
POINT 1024 h103 -2 7.0394646451
POINT 1025 h103 2 7.0394646451
POINT 1026 h103 0 7.1936088489
POINT 1027 h103 -1 7.1936088489
POINT 1028 h103 1 7.1936088489
POINT 1029 h103 -2 7.1936088489
POINT 1030 h103 2 7.1936088489
POINT 1031 h103 0 7.3511283713
POINT 1032 h103 -1 7.3511283713
POINT 1033 h103 1 7.3511283713
POINT 1034 h103 -2 7.3511283713
POINT 1035 h103 2 7.3511283713
POINT 1036 h103 0 7.512097122
POINT 1037 h103 -1 7.512097122
POINT 1038 h103 1 7.512097122
POINT 1039 h103 -2 7.512097122
POINT 1040 h103 2 7.512097122
POINT 1041 h103 0 8.192
POINT 1042 h103 -1 8.192
POINT 1043 h103 1 8.192
POINT 1044 h103 -2 8.192
POINT 1045 h103 2 8.192
POINT 1046 h103 0 8.3713814418
POINT 1047 h103 -1 8.3713814418
POINT 1048 h103 1 8.3713814418
POINT 1049 h103 -2 8.3713814418
POINT 1050 h103 2 8.3713814418
POINT 1051 h103 0 8.5546908256
POINT 1052 h103 -1 8.5546908256
POINT 1053 h103 1 8.5546908256
POINT 1054 h103 -2 8.5546908256
POINT 1055 h103 2 8.5546908256
POINT 1056 h103 0 8.7420141623
POINT 1057 h103 -1 8.7420141623
POINT 1058 h103 1 8.7420141623
POINT 1059 h103 -2 8.7420141623
POINT 1060 h103 2 8.7420141623
POINT 1061 h103 0 8.933439346
POINT 1062 h103 -1 8.933439346
POINT 1063 h103 1 8.933439346
POINT 1064 h103 -2 8.933439346
POINT 1065 h103 2 8.933439346
POINT 1066 h103 0 9.3289564959
POINT 1067 h103 -1 9.3289564959
POINT 1068 h103 1 9.3289564959
POINT 1069 h103 -2 9.3289564959
POINT 1070 h103 2 9.3289564959
POINT 1071 h103 0 9.5332340431
POINT 1072 h103 -1 9.5332340431
POINT 1073 h103 1 9.5332340431
POINT 1074 h103 -2 9.5332340431
POINT 1075 h103 2 9.5332340431
POINT 1076 h103 0 9.7419846861
POINT 1077 h103 -1 9.7419846861
POINT 1078 h103 1 9.7419846861
POINT 1079 h103 -2 9.7419846861
POINT 1080 h103 2 9.7419846861
POINT 1081 h103 0 9.955306373
POINT 1082 h103 -1 9.955306373
POINT 1083 h103 1 9.955306373
POINT 1084 h103 -2 9.955306373
POINT 1085 h103 2 9.955306373
POINT 1086 h103 0 10.1732991965
POINT 1087 h103 -1 10.1732991965
POINT 1088 h103 1 10.1732991965
POINT 1089 h103 -2 10.1732991965
POINT 1090 h103 2 10.1732991965
POINT 1091 h103 0 10.6237096317
POINT 1092 h103 -1 10.6237096317
POINT 1093 h103 1 10.6237096317
POINT 1094 h103 -2 10.6237096317
POINT 1095 h103 2 10.6237096317
POINT 1096 h103 0 11.585237503
POINT 1097 h103 -1 11.585237503
POINT 1098 h103 1 11.585237503
POINT 1099 h103 -2 11.585237503
POINT 1100 h103 2 11.585237503
POINT 1101 h103 0 16.384
POINT 1102 h103 -1 16.384
POINT 1103 h103 1 16.384
POINT 1104 h103 -2 16.384
POINT 1105 h103 2 16.384
POINT 1106 h103 0 65.536
POINT 1107 h103 -1 65.536
POINT 1108 h103 1 65.536
POINT 1109 h103 -2 65.536
POINT 1110 h103 2 65.536
POINT 1111 h104 0 0.001
POINT 1112 h104 -1 0.001
POINT 1113 h104 1 0.001
POINT 1114 h104 -2 0.001
POINT 1115 h104 2 0.001
POINT 1116 h104 0 0.002
POINT 1117 h104 -1 0.002
POINT 1118 h104 1 0.002
POINT 1119 h104 -2 0.002
POINT 1120 h104 2 0.002
POINT 1121 h104 0 0.0028284271
POINT 1122 h104 -1 0.0028284271
POINT 1123 h104 1 0.0028284271
POINT 1124 h104 -2 0.0028284271
POINT 1125 h104 2 0.0028284271
POINT 1126 h104 0 0.0030844216
POINT 1127 h104 -1 0.0030844216
POINT 1128 h104 1 0.0030844216
POINT 1129 h104 -2 0.0030844216
POINT 1130 h104 2 0.0030844216
POINT 1131 h104 0 0.0031519616
POINT 1132 h104 -1 0.0031519616
POINT 1133 h104 1 0.0031519616
POINT 1134 h104 -2 0.0031519616
POINT 1135 h104 2 0.0031519616
POINT 1136 h104 0 0.0032209806
POINT 1137 h104 -1 0.0032209806
POINT 1138 h104 1 0.0032209806
POINT 1139 h104 -2 0.0032209806
POINT 1140 h104 2 0.0032209806
POINT 1141 h104 0 0.0032915109
POINT 1142 h104 -1 0.0032915109
POINT 1143 h104 1 0.0032915109
POINT 1144 h104 -2 0.0032915109
POINT 1145 h104 2 0.0032915109
POINT 1146 h104 0 0.0033635856
POINT 1147 h104 -1 0.0033635856
POINT 1148 h104 1 0.0033635856
POINT 1149 h104 -2 0.0033635856
POINT 1150 h104 2 0.0033635856
POINT 1151 h104 0 0.0034372386
POINT 1152 h104 -1 0.0034372386
POINT 1153 h104 1 0.0034372386
POINT 1154 h104 -2 0.0034372386
POINT 1155 h104 2 0.0034372386
POINT 1156 h104 0 0.0035125043
POINT 1157 h104 -1 0.0035125043
POINT 1158 h104 1 0.0035125043
POINT 1159 h104 -2 0.0035125043
POINT 1160 h104 2 0.0035125043
POINT 1161 h104 0 0.0035894181
POINT 1162 h104 -1 0.0035894181
POINT 1163 h104 1 0.0035894181
POINT 1164 h104 -2 0.0035894181
POINT 1165 h104 2 0.0035894181
POINT 1166 h104 0 0.0036680161
POINT 1167 h104 -1 0.0036680161
POINT 1168 h104 1 0.0036680161
POINT 1169 h104 -2 0.0036680161
POINT 1170 h104 2 0.0036680161
POINT 1171 h104 0 0.004
POINT 1172 h104 -1 0.004
POINT 1173 h104 1 0.004
POINT 1174 h104 -2 0.004
POINT 1175 h104 2 0.004
POINT 1176 h104 0 0.016
POINT 1177 h104 -1 0.016
POINT 1178 h104 1 0.016
POINT 1179 h104 -2 0.016
POINT 1180 h104 2 0.016
POINT 1181 h104 0 0.064
POINT 1182 h104 -1 0.064
POINT 1183 h104 1 0.064
POINT 1184 h104 -2 0.064
POINT 1185 h104 2 0.064
POINT 1186 h104 0 0.256
POINT 1187 h104 -1 0.256
POINT 1188 h104 1 0.256
POINT 1189 h104 -2 0.256
POINT 1190 h104 2 0.256
POINT 1191 h104 0 0.2791699796
POINT 1192 h104 -1 0.2791699796
POINT 1193 h104 1 0.2791699796
POINT 1194 h104 -2 0.2791699796
POINT 1195 h104 2 0.2791699796
POINT 1196 h104 0 0.2915298905
POINT 1197 h104 -1 0.2915298905
POINT 1198 h104 1 0.2915298905
POINT 1199 h104 -2 0.2915298905
POINT 1200 h104 2 0.2915298905
POINT 1201 h104 0 0.2979135639
POINT 1202 h104 -1 0.2979135639
POINT 1203 h104 1 0.2979135639
POINT 1204 h104 -2 0.2979135639
POINT 1205 h104 2 0.2979135639
POINT 1206 h104 0 0.3044370215
POINT 1207 h104 -1 0.3044370215
POINT 1208 h104 1 0.3044370215
POINT 1209 h104 -2 0.3044370215
POINT 1210 h104 2 0.3044370215
POINT 1211 h104 0 0.362038672
POINT 1212 h104 -1 0.362038672
POINT 1213 h104 1 0.362038672
POINT 1214 h104 -2 0.362038672
POINT 1215 h104 2 0.362038672
POINT 1216 h104 0 0.512
POINT 1217 h104 -1 0.512
POINT 1218 h104 1 0.512
POINT 1219 h104 -2 0.512
POINT 1220 h104 2 0.512
POINT 1221 h104 0 1.024
POINT 1222 h104 -1 1.024
POINT 1223 h104 1 1.024
POINT 1224 h104 -2 1.024
POINT 1225 h104 2 1.024
POINT 1226 h104 0 1.1166799183
POINT 1227 h104 -1 1.1166799183
POINT 1228 h104 1 1.1166799183
POINT 1229 h104 -2 1.1166799183
POINT 1230 h104 2 1.1166799183
POINT 1231 h104 0 1.166119562
POINT 1232 h104 -1 1.166119562
POINT 1233 h104 1 1.166119562
POINT 1234 h104 -2 1.166119562
POINT 1235 h104 2 1.166119562
POINT 1236 h104 0 1.1916542554
POINT 1237 h104 -1 1.1916542554
POINT 1238 h104 1 1.1916542554
POINT 1239 h104 -2 1.1916542554
POINT 1240 h104 2 1.1916542554
POINT 1241 h104 0 1.2177480858
POINT 1242 h104 -1 1.2177480858
POINT 1243 h104 1 1.2177480858
POINT 1244 h104 -2 1.2177480858
POINT 1245 h104 2 1.2177480858
POINT 1246 h104 0 1.2444132967
POINT 1247 h104 -1 1.2444132967
POINT 1248 h104 1 1.2444132967
POINT 1249 h104 -2 1.2444132967
POINT 1250 h104 2 1.2444132967
POINT 1251 h104 0 1.2716623996
POINT 1252 h104 -1 1.2716623996
POINT 1253 h104 1 1.2716623996
POINT 1254 h104 -2 1.2716623996
POINT 1255 h104 2 1.2716623996
POINT 1256 h104 0 1.327963704
POINT 1257 h104 -1 1.327963704
POINT 1258 h104 1 1.327963704
POINT 1259 h104 -2 1.327963704
POINT 1260 h104 2 1.327963704
POINT 1261 h104 0 1.4481546879
POINT 1262 h104 -1 1.4481546879
POINT 1263 h104 1 1.4481546879
POINT 1264 h104 -2 1.4481546879
POINT 1265 h104 2 1.4481546879
POINT 1266 h104 0 2.048
POINT 1267 h104 -1 2.048
POINT 1268 h104 1 2.048
POINT 1269 h104 -2 2.048
POINT 1270 h104 2 2.048
POINT 1271 h104 0 4.096
POINT 1272 h104 -1 4.096
POINT 1273 h104 1 4.096
POINT 1274 h104 -2 4.096
POINT 1275 h104 2 4.096
POINT 1276 h104 0 4.8709923431
POINT 1277 h104 -1 4.8709923431
POINT 1278 h104 1 4.8709923431
POINT 1279 h104 -2 4.8709923431
POINT 1280 h104 2 4.8709923431
POINT 1281 h104 0 5.0866495983
POINT 1282 h104 -1 5.0866495983
POINT 1283 h104 1 5.0866495983
POINT 1284 h104 -2 5.0866495983
POINT 1285 h104 2 5.0866495983
POINT 1286 h104 0 5.1980327207
POINT 1287 h104 -1 5.1980327207
POINT 1288 h104 1 5.1980327207
POINT 1289 h104 -2 5.1980327207
POINT 1290 h104 2 5.1980327207
POINT 1291 h104 0 5.3118548159
POINT 1292 h104 -1 5.3118548159
POINT 1293 h104 1 5.3118548159
POINT 1294 h104 -2 5.3118548159
POINT 1295 h104 2 5.3118548159
POINT 1296 h104 0 5.4281692904
POINT 1297 h104 -1 5.4281692904
POINT 1298 h104 1 5.4281692904
POINT 1299 h104 -2 5.4281692904
POINT 1300 h104 2 5.4281692904
POINT 1301 h104 0 5.5470307203
POINT 1302 h104 -1 5.5470307203
POINT 1303 h104 1 5.5470307203
POINT 1304 h104 -2 5.5470307203
POINT 1305 h104 2 5.5470307203
POINT 1306 h104 0 5.6684948766
POINT 1307 h104 -1 5.6684948766
POINT 1308 h104 1 5.6684948766
POINT 1309 h104 -2 5.6684948766
POINT 1310 h104 2 5.6684948766
POINT 1311 h104 0 5.7926187515
POINT 1312 h104 -1 5.7926187515
POINT 1313 h104 1 5.7926187515
POINT 1314 h104 -2 5.7926187515
POINT 1315 h104 2 5.7926187515
POINT 1316 h104 0 5.9194605854
POINT 1317 h104 -1 5.9194605854
POINT 1318 h104 1 5.9194605854
POINT 1319 h104 -2 5.9194605854
POINT 1320 h104 2 5.9194605854
POINT 1321 h104 0 6.0490798938
POINT 1322 h104 -1 6.0490798938
POINT 1323 h104 1 6.0490798938
POINT 1324 h104 -2 6.0490798938
POINT 1325 h104 2 6.0490798938
POINT 1326 h104 0 6.1815374955
POINT 1327 h104 -1 6.1815374955
POINT 1328 h104 1 6.1815374955
POINT 1329 h104 -2 6.1815374955
POINT 1330 h104 2 6.1815374955
POINT 1331 h104 0 6.3168955409
POINT 1332 h104 -1 6.3168955409
POINT 1333 h104 1 6.3168955409
POINT 1334 h104 -2 6.3168955409
POINT 1335 h104 2 6.3168955409
POINT 1336 h104 0 6.4552175416
POINT 1337 h104 -1 6.4552175416
POINT 1338 h104 1 6.4552175416
POINT 1339 h104 -2 6.4552175416
POINT 1340 h104 2 6.4552175416
POINT 1341 h104 0 6.5965683997
POINT 1342 h104 -1 6.5965683997
POINT 1343 h104 1 6.5965683997
POINT 1344 h104 -2 6.5965683997
POINT 1345 h104 2 6.5965683997
POINT 1346 h104 0 6.7410144386
POINT 1347 h104 -1 6.7410144386
POINT 1348 h104 1 6.7410144386
POINT 1349 h104 -2 6.7410144386
POINT 1350 h104 2 6.7410144386
POINT 1351 h104 0 6.8886234338
POINT 1352 h104 -1 6.8886234338
POINT 1353 h104 1 6.8886234338
POINT 1354 h104 -2 6.8886234338
POINT 1355 h104 2 6.8886234338
POINT 1356 h104 0 8.192
POINT 1357 h104 -1 8.192
POINT 1358 h104 1 8.192
POINT 1359 h104 -2 8.192
POINT 1360 h104 2 8.192
POINT 1361 h104 0 16.384
POINT 1362 h104 -1 16.384
POINT 1363 h104 1 16.384
POINT 1364 h104 -2 16.384
POINT 1365 h104 2 16.384
POINT 1366 h104 0 65.536
POINT 1367 h104 -1 65.536
POINT 1368 h104 1 65.536
POINT 1369 h104 -2 65.536
POINT 1370 h104 2 65.536
POINT 1371 h105 0 0.001
POINT 1372 h105 -1 0.001
POINT 1373 h105 1 0.001
POINT 1374 h105 -2 0.001
POINT 1375 h105 2 0.001
POINT 1376 h105 0 0.004
POINT 1377 h105 -1 0.004
POINT 1378 h105 1 0.004
POINT 1379 h105 -2 0.004
POINT 1380 h105 2 0.004
POINT 1381 h105 0 0.0056568542
POINT 1382 h105 -1 0.0056568542
POINT 1383 h105 1 0.0056568542
POINT 1384 h105 -2 0.0056568542
POINT 1385 h105 2 0.0056568542
POINT 1386 h105 0 0.0067271713
POINT 1387 h105 -1 0.0067271713
POINT 1388 h105 1 0.0067271713
POINT 1389 h105 -2 0.0067271713
POINT 1390 h105 2 0.0067271713
POINT 1391 h105 0 0.0073360323
POINT 1392 h105 -1 0.0073360323
POINT 1393 h105 1 0.0073360323
POINT 1394 h105 -2 0.0073360323
POINT 1395 h105 2 0.0073360323
POINT 1396 h105 0 0.008
POINT 1397 h105 -1 0.008
POINT 1398 h105 1 0.008
POINT 1399 h105 -2 0.008
POINT 1400 h105 2 0.008
POINT 1401 h105 0 0.0081751772
POINT 1402 h105 -1 0.0081751772
POINT 1403 h105 1 0.0081751772
POINT 1404 h105 -2 0.0081751772
POINT 1405 h105 2 0.0081751772
POINT 1406 h105 0 0.0083541903
POINT 1407 h105 -1 0.0083541903
POINT 1408 h105 1 0.0083541903
POINT 1409 h105 -2 0.0083541903
POINT 1410 h105 2 0.0083541903
POINT 1411 h105 0 0.0085371232
POINT 1412 h105 -1 0.0085371232
POINT 1413 h105 1 0.0085371232
POINT 1414 h105 -2 0.0085371232
POINT 1415 h105 2 0.0085371232
POINT 1416 h105 0 0.0087240619
POINT 1417 h105 -1 0.0087240619
POINT 1418 h105 1 0.0087240619
POINT 1419 h105 -2 0.0087240619
POINT 1420 h105 2 0.0087240619
POINT 1421 h105 0 0.008915094
POINT 1422 h105 -1 0.008915094
POINT 1423 h105 1 0.008915094
POINT 1424 h105 -2 0.008915094
POINT 1425 h105 2 0.008915094
POINT 1426 h105 0 0.0091103091
POINT 1427 h105 -1 0.0091103091
POINT 1428 h105 1 0.0091103091
POINT 1429 h105 -2 0.0091103091
POINT 1430 h105 2 0.0091103091
POINT 1431 h105 0 0.0093097989
POINT 1432 h105 -1 0.0093097989
POINT 1433 h105 1 0.0093097989
POINT 1434 h105 -2 0.0093097989
POINT 1435 h105 2 0.0093097989
POINT 1436 h105 0 0.0095136569
POINT 1437 h105 -1 0.0095136569
POINT 1438 h105 1 0.0095136569
POINT 1439 h105 -2 0.0095136569
POINT 1440 h105 2 0.0095136569
POINT 1441 h105 0 0.0113137085
POINT 1442 h105 -1 0.0113137085
POINT 1443 h105 1 0.0113137085
POINT 1444 h105 -2 0.0113137085
POINT 1445 h105 2 0.0113137085
POINT 1446 h105 0 0.016
POINT 1447 h105 -1 0.016
POINT 1448 h105 1 0.016
POINT 1449 h105 -2 0.016
POINT 1450 h105 2 0.016
POINT 1451 h105 0 0.022627417
POINT 1452 h105 -1 0.022627417
POINT 1453 h105 1 0.022627417
POINT 1454 h105 -2 0.022627417
POINT 1455 h105 2 0.022627417
POINT 1456 h105 0 0.0269086853
POINT 1457 h105 -1 0.0269086853
POINT 1458 h105 1 0.0269086853
POINT 1459 h105 -2 0.0269086853
POINT 1460 h105 2 0.0269086853
POINT 1461 h105 0 0.032
POINT 1462 h105 -1 0.032
POINT 1463 h105 1 0.032
POINT 1464 h105 -2 0.032
POINT 1465 h105 2 0.032
POINT 1466 h105 0 0.0380546277
POINT 1467 h105 -1 0.0380546277
POINT 1468 h105 1 0.0380546277
POINT 1469 h105 -2 0.0380546277
POINT 1470 h105 2 0.0380546277
POINT 1471 h105 0 0.045254834
POINT 1472 h105 -1 0.045254834
POINT 1473 h105 1 0.045254834
POINT 1474 h105 -2 0.045254834
POINT 1475 h105 2 0.045254834
POINT 1476 h105 0 0.064
POINT 1477 h105 -1 0.064
POINT 1478 h105 1 0.064
POINT 1479 h105 -2 0.064
POINT 1480 h105 2 0.064
POINT 1481 h105 0 0.256
POINT 1482 h105 -1 0.256
POINT 1483 h105 1 0.256
POINT 1484 h105 -2 0.256
POINT 1485 h105 2 0.256
POINT 1486 h105 0 0.512
POINT 1487 h105 -1 0.512
POINT 1488 h105 1 0.512
POINT 1489 h105 -2 0.512
POINT 1490 h105 2 0.512
POINT 1491 h105 0 0.7240773439
POINT 1492 h105 -1 0.7240773439
POINT 1493 h105 1 0.7240773439
POINT 1494 h105 -2 0.7240773439
POINT 1495 h105 2 0.7240773439
POINT 1496 h105 0 0.8610779292
POINT 1497 h105 -1 0.8610779292
POINT 1498 h105 1 0.8610779292
POINT 1499 h105 -2 0.8610779292
POINT 1500 h105 2 0.8610779292
POINT 1501 h105 0 1.024
POINT 1502 h105 -1 1.024
POINT 1503 h105 1 1.024
POINT 1504 h105 -2 1.024
POINT 1505 h105 2 1.024
POINT 1506 h105 0 2.048
POINT 1507 h105 -1 2.048
POINT 1508 h105 1 2.048
POINT 1509 h105 -2 2.048
POINT 1510 h105 2 2.048
POINT 1511 h105 0 2.8963093757
POINT 1512 h105 -1 2.8963093757
POINT 1513 h105 1 2.8963093757
POINT 1514 h105 -2 2.8963093757
POINT 1515 h105 2 2.8963093757
POINT 1516 h105 0 3.4443117169
POINT 1517 h105 -1 3.4443117169
POINT 1518 h105 1 3.4443117169
POINT 1519 h105 -2 3.4443117169
POINT 1520 h105 2 3.4443117169
POINT 1521 h105 0 4.096
POINT 1522 h105 -1 4.096
POINT 1523 h105 1 4.096
POINT 1524 h105 -2 4.096
POINT 1525 h105 2 4.096
POINT 1526 h105 0 4.1856907209
POINT 1527 h105 -1 4.1856907209
POINT 1528 h105 1 4.1856907209
POINT 1529 h105 -2 4.1856907209
POINT 1530 h105 2 4.1856907209
POINT 1531 h105 0 4.2773454128
POINT 1532 h105 -1 4.2773454128
POINT 1533 h105 1 4.2773454128
POINT 1534 h105 -2 4.2773454128
POINT 1535 h105 2 4.2773454128
POINT 1536 h105 0 4.3710070812
POINT 1537 h105 -1 4.3710070812
POINT 1538 h105 1 4.3710070812
POINT 1539 h105 -2 4.3710070812
POINT 1540 h105 2 4.3710070812
POINT 1541 h105 0 4.466719673
POINT 1542 h105 -1 4.466719673
POINT 1543 h105 1 4.466719673
POINT 1544 h105 -2 4.466719673
POINT 1545 h105 2 4.466719673
POINT 1546 h105 0 4.8709923431
POINT 1547 h105 -1 4.8709923431
POINT 1548 h105 1 4.8709923431
POINT 1549 h105 -2 4.8709923431
POINT 1550 h105 2 4.8709923431
POINT 1551 h105 0 4.9776531865
POINT 1552 h105 -1 4.9776531865
POINT 1553 h105 1 4.9776531865
POINT 1554 h105 -2 4.9776531865
POINT 1555 h105 2 4.9776531865
POINT 1556 h105 0 5.0866495983
POINT 1557 h105 -1 5.0866495983
POINT 1558 h105 1 5.0866495983
POINT 1559 h105 -2 5.0866495983
POINT 1560 h105 2 5.0866495983
POINT 1561 h105 0 5.1980327207
POINT 1562 h105 -1 5.1980327207
POINT 1563 h105 1 5.1980327207
POINT 1564 h105 -2 5.1980327207
POINT 1565 h105 2 5.1980327207
POINT 1566 h105 0 5.3118548159
POINT 1567 h105 -1 5.3118548159
POINT 1568 h105 1 5.3118548159
POINT 1569 h105 -2 5.3118548159
POINT 1570 h105 2 5.3118548159
POINT 1571 h105 0 5.7926187515
POINT 1572 h105 -1 5.7926187515
POINT 1573 h105 1 5.7926187515
POINT 1574 h105 -2 5.7926187515
POINT 1575 h105 2 5.7926187515
POINT 1576 h105 0 8.192
POINT 1577 h105 -1 8.192
POINT 1578 h105 1 8.192
POINT 1579 h105 -2 8.192
POINT 1580 h105 2 8.192
POINT 1581 h105 0 11.585237503
POINT 1582 h105 -1 11.585237503
POINT 1583 h105 1 11.585237503
POINT 1584 h105 -2 11.585237503
POINT 1585 h105 2 11.585237503
POINT 1586 h105 0 13.7772468675
POINT 1587 h105 -1 13.7772468675
POINT 1588 h105 1 13.7772468675
POINT 1589 h105 -2 13.7772468675
POINT 1590 h105 2 13.7772468675
POINT 1591 h105 0 15.0241942439
POINT 1592 h105 -1 15.0241942439
POINT 1593 h105 1 15.0241942439
POINT 1594 h105 -2 15.0241942439
POINT 1595 h105 2 15.0241942439
POINT 1596 h105 0 16.384
POINT 1597 h105 -1 16.384
POINT 1598 h105 1 16.384
POINT 1599 h105 -2 16.384
POINT 1600 h105 2 16.384
POINT 1601 h105 0 17.866878692
POINT 1602 h105 -1 17.866878692
POINT 1603 h105 1 17.866878692
POINT 1604 h105 -2 17.866878692
POINT 1605 h105 2 17.866878692
POINT 1606 h105 0 18.6579129919
POINT 1607 h105 -1 18.6579129919
POINT 1608 h105 1 18.6579129919
POINT 1609 h105 -2 18.6579129919
POINT 1610 h105 2 18.6579129919
POINT 1611 h105 0 19.4839693722
POINT 1612 h105 -1 19.4839693722
POINT 1613 h105 1 19.4839693722
POINT 1614 h105 -2 19.4839693722
POINT 1615 h105 2 19.4839693722
POINT 1616 h105 0 19.9106127459
POINT 1617 h105 -1 19.9106127459
POINT 1618 h105 1 19.9106127459
POINT 1619 h105 -2 19.9106127459
POINT 1620 h105 2 19.9106127459
POINT 1621 h105 0 20.346598393
POINT 1622 h105 -1 20.346598393
POINT 1623 h105 1 20.346598393
POINT 1624 h105 -2 20.346598393
POINT 1625 h105 2 20.346598393
POINT 1626 h105 0 21.2474192634
POINT 1627 h105 -1 21.2474192634
POINT 1628 h105 1 21.2474192634
POINT 1629 h105 -2 21.2474192634
POINT 1630 h105 2 21.2474192634
POINT 1631 h105 0 22.188122881
POINT 1632 h105 -1 22.188122881
POINT 1633 h105 1 22.188122881
POINT 1634 h105 -2 22.188122881
POINT 1635 h105 2 22.188122881
POINT 1636 h105 0 22.6739795061
POINT 1637 h105 -1 22.6739795061
POINT 1638 h105 1 22.6739795061
POINT 1639 h105 -2 22.6739795061
POINT 1640 h105 2 22.6739795061
POINT 1641 h105 0 23.1704750059
POINT 1642 h105 -1 23.1704750059
POINT 1643 h105 1 23.1704750059
POINT 1644 h105 -2 23.1704750059
POINT 1645 h105 2 23.1704750059
POINT 1646 h105 0 24.1963195751
POINT 1647 h105 -1 24.1963195751
POINT 1648 h105 1 24.1963195751
POINT 1649 h105 -2 24.1963195751
POINT 1650 h105 2 24.1963195751
POINT 1651 h105 0 25.2675821635
POINT 1652 h105 -1 25.2675821635
POINT 1653 h105 1 25.2675821635
POINT 1654 h105 -2 25.2675821635
POINT 1655 h105 2 25.2675821635
POINT 1656 h105 0 27.554493735
POINT 1657 h105 -1 27.554493735
POINT 1658 h105 1 27.554493735
POINT 1659 h105 -2 27.554493735
POINT 1660 h105 2 27.554493735
POINT 1661 h105 0 28.1578585804
POINT 1662 h105 -1 28.1578585804
POINT 1663 h105 1 28.1578585804
POINT 1664 h105 -2 28.1578585804
POINT 1665 h105 2 28.1578585804
POINT 1666 h105 0 28.7744353955
POINT 1667 h105 -1 28.7744353955
POINT 1668 h105 1 28.7744353955
POINT 1669 h105 -2 28.7744353955
POINT 1670 h105 2 28.7744353955
POINT 1671 h105 0 30.0483884877
POINT 1672 h105 -1 30.0483884877
POINT 1673 h105 1 30.0483884877
POINT 1674 h105 -2 30.0483884877
POINT 1675 h105 2 30.0483884877
POINT 1676 h105 0 31.3787443019
POINT 1677 h105 -1 31.3787443019
POINT 1678 h105 1 31.3787443019
POINT 1679 h105 -2 31.3787443019
POINT 1680 h105 2 31.3787443019
POINT 1681 h105 0 32.0658493305
POINT 1682 h105 -1 32.0658493305
POINT 1683 h105 1 32.0658493305
POINT 1684 h105 -2 32.0658493305
POINT 1685 h105 2 32.0658493305
POINT 1686 h105 0 32.768
POINT 1687 h105 -1 32.768
POINT 1688 h105 1 32.768
POINT 1689 h105 -2 32.768
POINT 1690 h105 2 32.768
POINT 1691 h105 0 35.733757384
POINT 1692 h105 -1 35.733757384
POINT 1693 h105 1 35.733757384
POINT 1694 h105 -2 35.733757384
POINT 1695 h105 2 35.733757384
POINT 1696 h105 0 37.3158259837
POINT 1697 h105 -1 37.3158259837
POINT 1698 h105 1 37.3158259837
POINT 1699 h105 -2 37.3158259837
POINT 1700 h105 2 37.3158259837
POINT 1701 h105 0 38.1329361724
POINT 1702 h105 -1 38.1329361724
POINT 1703 h105 1 38.1329361724
POINT 1704 h105 -2 38.1329361724
POINT 1705 h105 2 38.1329361724
POINT 1706 h105 0 38.9679387444
POINT 1707 h105 -1 38.9679387444
POINT 1708 h105 1 38.9679387444
POINT 1709 h105 -2 38.9679387444
POINT 1710 h105 2 38.9679387444
POINT 1711 h105 0 40.693196786
POINT 1712 h105 -1 40.693196786
POINT 1713 h105 1 40.693196786
POINT 1714 h105 -2 40.693196786
POINT 1715 h105 2 40.693196786
POINT 1716 h105 0 41.5842617652
POINT 1717 h105 -1 41.5842617652
POINT 1718 h105 1 41.5842617652
POINT 1719 h105 -2 41.5842617652
POINT 1720 h105 2 41.5842617652
POINT 1721 h105 0 42.4948385268
POINT 1722 h105 -1 42.4948385268
POINT 1723 h105 1 42.4948385268
POINT 1724 h105 -2 42.4948385268
POINT 1725 h105 2 42.4948385268
POINT 1726 h105 0 46.3409500118
POINT 1727 h105 -1 46.3409500118
POINT 1728 h105 1 46.3409500118
POINT 1729 h105 -2 46.3409500118
POINT 1730 h105 2 46.3409500118
POINT 1731 h105 0 65.536
POINT 1732 h105 -1 65.536
POINT 1733 h105 1 65.536
POINT 1734 h105 -2 65.536
POINT 1735 h105 2 65.536
POINT 1736 h106 0 6.25e-05
POINT 1737 h106 -1 6.25e-05
POINT 1738 h106 1 6.25e-05
POINT 1739 h106 -2 6.25e-05
POINT 1740 h106 2 6.25e-05
POINT 1741 h106 0 0.00025
POINT 1742 h106 -1 0.00025
POINT 1743 h106 1 0.00025
POINT 1744 h106 -2 0.00025
POINT 1745 h106 2 0.00025
POINT 1746 h106 0 0.001
POINT 1747 h106 -1 0.001
POINT 1748 h106 1 0.001
POINT 1749 h106 -2 0.001
POINT 1750 h106 2 0.001
POINT 1751 h106 0 0.004
POINT 1752 h106 -1 0.004
POINT 1753 h106 1 0.004
POINT 1754 h106 -2 0.004
POINT 1755 h106 2 0.004
POINT 1756 h106 0 0.008
POINT 1757 h106 -1 0.008
POINT 1758 h106 1 0.008
POINT 1759 h106 -2 0.008
POINT 1760 h106 2 0.008
POINT 1761 h106 0 0.0081751772
POINT 1762 h106 -1 0.0081751772
POINT 1763 h106 1 0.0081751772
POINT 1764 h106 -2 0.0081751772
POINT 1765 h106 2 0.0081751772
POINT 1766 h106 0 0.0083541903
POINT 1767 h106 -1 0.0083541903
POINT 1768 h106 1 0.0083541903
POINT 1769 h106 -2 0.0083541903
POINT 1770 h106 2 0.0083541903
POINT 1771 h106 0 0.0085371232
POINT 1772 h106 -1 0.0085371232
POINT 1773 h106 1 0.0085371232
POINT 1774 h106 -2 0.0085371232
POINT 1775 h106 2 0.0085371232
POINT 1776 h106 0 0.0087240619
POINT 1777 h106 -1 0.0087240619
POINT 1778 h106 1 0.0087240619
POINT 1779 h106 -2 0.0087240619
POINT 1780 h106 2 0.0087240619
POINT 1781 h106 0 0.0095136569
POINT 1782 h106 -1 0.0095136569
POINT 1783 h106 1 0.0095136569
POINT 1784 h106 -2 0.0095136569
POINT 1785 h106 2 0.0095136569
POINT 1786 h106 0 0.0113137085
POINT 1787 h106 -1 0.0113137085
POINT 1788 h106 1 0.0113137085
POINT 1789 h106 -2 0.0113137085
POINT 1790 h106 2 0.0113137085
POINT 1791 h106 0 0.016
POINT 1792 h106 -1 0.016
POINT 1793 h106 1 0.016
POINT 1794 h106 -2 0.016
POINT 1795 h106 2 0.016
POINT 1796 h106 0 0.064
POINT 1797 h106 -1 0.064
POINT 1798 h106 1 0.064
POINT 1799 h106 -2 0.064
POINT 1800 h106 2 0.064
POINT 1801 h106 0 0.090509668
POINT 1802 h106 -1 0.090509668
POINT 1803 h106 1 0.090509668
POINT 1804 h106 -2 0.090509668
POINT 1805 h106 2 0.090509668
POINT 1806 h106 0 0.0987014929
POINT 1807 h106 -1 0.0987014929
POINT 1808 h106 1 0.0987014929
POINT 1809 h106 -2 0.0987014929
POINT 1810 h106 2 0.0987014929
POINT 1811 h106 0 0.1030713813
POINT 1812 h106 -1 0.1030713813
POINT 1813 h106 1 0.1030713813
POINT 1814 h106 -2 0.1030713813
POINT 1815 h106 2 0.1030713813
POINT 1816 h106 0 0.1053283507
POINT 1817 h106 -1 0.1053283507
POINT 1818 h106 1 0.1053283507
POINT 1819 h106 -2 0.1053283507
POINT 1820 h106 2 0.1053283507
POINT 1821 h106 0 0.1076347412
POINT 1822 h106 -1 0.1076347412
POINT 1823 h106 1 0.1076347412
POINT 1824 h106 -2 0.1076347412
POINT 1825 h106 2 0.1076347412
POINT 1826 h106 0 0.128
POINT 1827 h106 -1 0.128
POINT 1828 h106 1 0.128
POINT 1829 h106 -2 0.128
POINT 1830 h106 2 0.128
POINT 1831 h106 0 0.1522185107
POINT 1832 h106 -1 0.1522185107
POINT 1833 h106 1 0.1522185107
POINT 1834 h106 -2 0.1522185107
POINT 1835 h106 2 0.1522185107
POINT 1836 h106 0 0.1589577999
POINT 1837 h106 -1 0.1589577999
POINT 1838 h106 1 0.1589577999
POINT 1839 h106 -2 0.1589577999
POINT 1840 h106 2 0.1589577999
POINT 1841 h106 0 0.1624385225
POINT 1842 h106 -1 0.1624385225
POINT 1843 h106 1 0.1624385225
POINT 1844 h106 -2 0.1624385225
POINT 1845 h106 2 0.1624385225
POINT 1846 h106 0 0.165995463
POINT 1847 h106 -1 0.165995463
POINT 1848 h106 1 0.165995463
POINT 1849 h106 -2 0.165995463
POINT 1850 h106 2 0.165995463
POINT 1851 h106 0 0.181019336
POINT 1852 h106 -1 0.181019336
POINT 1853 h106 1 0.181019336
POINT 1854 h106 -2 0.181019336
POINT 1855 h106 2 0.181019336
POINT 1856 h106 0 0.2152694823
POINT 1857 h106 -1 0.2152694823
POINT 1858 h106 1 0.2152694823
POINT 1859 h106 -2 0.2152694823
POINT 1860 h106 2 0.2152694823
POINT 1861 h106 0 0.2199832701
POINT 1862 h106 -1 0.2199832701
POINT 1863 h106 1 0.2199832701
POINT 1864 h106 -2 0.2199832701
POINT 1865 h106 2 0.2199832701
POINT 1866 h106 0 0.2248002765
POINT 1867 h106 -1 0.2248002765
POINT 1868 h106 1 0.2248002765
POINT 1869 h106 -2 0.2248002765
POINT 1870 h106 2 0.2248002765
POINT 1871 h106 0 0.2297227616
POINT 1872 h106 -1 0.2297227616
POINT 1873 h106 1 0.2297227616
POINT 1874 h106 -2 0.2297227616
POINT 1875 h106 2 0.2297227616
POINT 1876 h106 0 0.2347530351
POINT 1877 h106 -1 0.2347530351
POINT 1878 h106 1 0.2347530351
POINT 1879 h106 -2 0.2347530351
POINT 1880 h106 2 0.2347530351
POINT 1881 h106 0 0.256
POINT 1882 h106 -1 0.256
POINT 1883 h106 1 0.256
POINT 1884 h106 -2 0.256
POINT 1885 h106 2 0.256
POINT 1886 h106 0 0.3044370215
POINT 1887 h106 -1 0.3044370215
POINT 1888 h106 1 0.3044370215
POINT 1889 h106 -2 0.3044370215
POINT 1890 h106 2 0.3044370215
POINT 1891 h106 0 0.331990926
POINT 1892 h106 -1 0.331990926
POINT 1893 h106 1 0.331990926
POINT 1894 h106 -2 0.331990926
POINT 1895 h106 2 0.331990926
POINT 1896 h106 0 0.3392605806
POINT 1897 h106 -1 0.3392605806
POINT 1898 h106 1 0.3392605806
POINT 1899 h106 -2 0.3392605806
POINT 1900 h106 2 0.3392605806
POINT 1901 h106 0 0.34668942
POINT 1902 h106 -1 0.34668942
POINT 1903 h106 1 0.34668942
POINT 1904 h106 -2 0.34668942
POINT 1905 h106 2 0.34668942
POINT 1906 h106 0 0.362038672
POINT 1907 h106 -1 0.362038672
POINT 1908 h106 1 0.362038672
POINT 1909 h106 -2 0.362038672
POINT 1910 h106 2 0.362038672
POINT 1911 h106 0 0.512
POINT 1912 h106 -1 0.512
POINT 1913 h106 1 0.512
POINT 1914 h106 -2 0.512
POINT 1915 h106 2 0.512
POINT 1916 h106 0 1.024
POINT 1917 h106 -1 1.024
POINT 1918 h106 1 1.024
POINT 1919 h106 -2 1.024
POINT 1920 h106 2 1.024
POINT 1921 h106 0 1.4481546879
POINT 1922 h106 -1 1.4481546879
POINT 1923 h106 1 1.4481546879
POINT 1924 h106 -2 1.4481546879
POINT 1925 h106 2 1.4481546879
POINT 1926 h106 0 1.5792238853
POINT 1927 h106 -1 1.5792238853
POINT 1928 h106 1 1.5792238853
POINT 1929 h106 -2 1.5792238853
POINT 1930 h106 2 1.5792238853
POINT 1931 h106 0 1.6491421
POINT 1932 h106 -1 1.6491421
POINT 1933 h106 1 1.6491421
POINT 1934 h106 -2 1.6491421
POINT 1935 h106 2 1.6491421
POINT 1936 h106 0 1.6852536097
POINT 1937 h106 -1 1.6852536097
POINT 1938 h106 1 1.6852536097
POINT 1939 h106 -2 1.6852536097
POINT 1940 h106 2 1.6852536097
POINT 1941 h106 0 1.7221558585
POINT 1942 h106 -1 1.7221558585
POINT 1943 h106 1 1.7221558585
POINT 1944 h106 -2 1.7221558585
POINT 1945 h106 2 1.7221558585
POINT 1946 h106 0 2.048
POINT 1947 h106 -1 2.048
POINT 1948 h106 1 2.048
POINT 1949 h106 -2 2.048
POINT 1950 h106 2 2.048
POINT 1951 h106 0 2.8963093757
POINT 1952 h106 -1 2.8963093757
POINT 1953 h106 1 2.8963093757
POINT 1954 h106 -2 2.8963093757
POINT 1955 h106 2 2.8963093757
POINT 1956 h106 0 3.1584477704
POINT 1957 h106 -1 3.1584477704
POINT 1958 h106 1 3.1584477704
POINT 1959 h106 -2 3.1584477704
POINT 1960 h106 2 3.1584477704
POINT 1961 h106 0 3.2982841998
POINT 1962 h106 -1 3.2982841998
POINT 1963 h106 1 3.2982841998
POINT 1964 h106 -2 3.2982841998
POINT 1965 h106 2 3.2982841998
POINT 1966 h106 0 3.3705072193
POINT 1967 h106 -1 3.3705072193
POINT 1968 h106 1 3.3705072193
POINT 1969 h106 -2 3.3705072193
POINT 1970 h106 2 3.3705072193
POINT 1971 h106 0 3.4443117169
POINT 1972 h106 -1 3.4443117169
POINT 1973 h106 1 3.4443117169
POINT 1974 h106 -2 3.4443117169
POINT 1975 h106 2 3.4443117169
POINT 1976 h106 0 3.756048561
POINT 1977 h106 -1 3.756048561
POINT 1978 h106 1 3.756048561
POINT 1979 h106 -2 3.756048561
POINT 1980 h106 2 3.756048561
POINT 1981 h106 0 3.9223430378
POINT 1982 h106 -1 3.9223430378
POINT 1983 h106 1 3.9223430378
POINT 1984 h106 -2 3.9223430378
POINT 1985 h106 2 3.9223430378
POINT 1986 h106 0 4.0082311663
POINT 1987 h106 -1 4.0082311663
POINT 1988 h106 1 4.0082311663
POINT 1989 h106 -2 4.0082311663
POINT 1990 h106 2 4.0082311663
POINT 1991 h106 0 4.096
POINT 1992 h106 -1 4.096
POINT 1993 h106 1 4.096
POINT 1994 h106 -2 4.096
POINT 1995 h106 2 4.096
POINT 1996 h106 0 4.1856907209
POINT 1997 h106 -1 4.1856907209
POINT 1998 h106 1 4.1856907209
POINT 1999 h106 -2 4.1856907209
POINT 2000 h106 2 4.1856907209
POINT 2001 h106 0 4.2773454128
POINT 2002 h106 -1 4.2773454128
POINT 2003 h106 1 4.2773454128
POINT 2004 h106 -2 4.2773454128
POINT 2005 h106 2 4.2773454128
POINT 2006 h106 0 4.466719673
POINT 2007 h106 -1 4.466719673
POINT 2008 h106 1 4.466719673
POINT 2009 h106 -2 4.466719673
POINT 2010 h106 2 4.466719673
POINT 2011 h106 0 4.8709923431
POINT 2012 h106 -1 4.8709923431
POINT 2013 h106 1 4.8709923431
POINT 2014 h106 -2 4.8709923431
POINT 2015 h106 2 4.8709923431
POINT 2016 h106 0 5.3118548159
POINT 2017 h106 -1 5.3118548159
POINT 2018 h106 1 5.3118548159
POINT 2019 h106 -2 5.3118548159
POINT 2020 h106 2 5.3118548159
POINT 2021 h106 0 5.5470307203
POINT 2022 h106 -1 5.5470307203
POINT 2023 h106 1 5.5470307203
POINT 2024 h106 -2 5.5470307203
POINT 2025 h106 2 5.5470307203
POINT 2026 h106 0 5.6684948766
POINT 2027 h106 -1 5.6684948766
POINT 2028 h106 1 5.6684948766
POINT 2029 h106 -2 5.6684948766
POINT 2030 h106 2 5.6684948766
POINT 2031 h106 0 5.7926187515
POINT 2032 h106 -1 5.7926187515
POINT 2033 h106 1 5.7926187515
POINT 2034 h106 -2 5.7926187515
POINT 2035 h106 2 5.7926187515
POINT 2036 h106 0 8.192
POINT 2037 h106 -1 8.192
POINT 2038 h106 1 8.192
POINT 2039 h106 -2 8.192
POINT 2040 h106 2 8.192
POINT 2041 h106 0 16.384
POINT 2042 h106 -1 16.384
POINT 2043 h106 1 16.384
POINT 2044 h106 -2 16.384
POINT 2045 h106 2 16.384
POINT 2046 h106 0 65.536
POINT 2047 h106 -1 65.536
POINT 2048 h106 1 65.536
POINT 2049 h106 -2 65.536
POINT 2050 h106 2 65.536
POINT 2051 w201 0 0.001
POINT 2052 w201 -1 0.001
POINT 2053 w201 1 0.001
POINT 2054 w201 -2 0.001
POINT 2055 w201 2 0.001
POINT 2056 w201 0 0.004
POINT 2057 w201 -1 0.004
POINT 2058 w201 1 0.004
POINT 2059 w201 -2 0.004
POINT 2060 w201 2 0.004
POINT 2061 w201 0 0.008
POINT 2062 w201 -1 0.008
POINT 2063 w201 1 0.008
POINT 2064 w201 -2 0.008
POINT 2065 w201 2 0.008
POINT 2066 w201 0 0.0095136569
POINT 2067 w201 -1 0.0095136569
POINT 2068 w201 1 0.0095136569
POINT 2069 w201 -2 0.0095136569
POINT 2070 w201 2 0.0095136569
POINT 2071 w201 0 0.0113137085
POINT 2072 w201 -1 0.0113137085
POINT 2073 w201 1 0.0113137085
POINT 2074 w201 -2 0.0113137085
POINT 2075 w201 2 0.0113137085
POINT 2076 w201 0 0.016
POINT 2077 w201 -1 0.016
POINT 2078 w201 1 0.016
POINT 2079 w201 -2 0.016
POINT 2080 w201 2 0.016
POINT 2081 w201 0 0.022627417
POINT 2082 w201 -1 0.022627417
POINT 2083 w201 1 0.022627417
POINT 2084 w201 -2 0.022627417
POINT 2085 w201 2 0.022627417
POINT 2086 w201 0 0.032
POINT 2087 w201 -1 0.032
POINT 2088 w201 1 0.032
POINT 2089 w201 -2 0.032
POINT 2090 w201 2 0.032
POINT 2091 w201 0 0.064
POINT 2092 w201 -1 0.064
POINT 2093 w201 1 0.064
POINT 2094 w201 -2 0.064
POINT 2095 w201 2 0.064
POINT 2096 w201 0 0.256
POINT 2097 w201 -1 0.256
POINT 2098 w201 1 0.256
POINT 2099 w201 -2 0.256
POINT 2100 w201 2 0.256
POINT 2101 w201 0 0.512
POINT 2102 w201 -1 0.512
POINT 2103 w201 1 0.512
POINT 2104 w201 -2 0.512
POINT 2105 w201 2 0.512
POINT 2106 w201 0 0.7240773439
POINT 2107 w201 -1 0.7240773439
POINT 2108 w201 1 0.7240773439
POINT 2109 w201 -2 0.7240773439
POINT 2110 w201 2 0.7240773439
POINT 2111 w201 0 0.8610779292
POINT 2112 w201 -1 0.8610779292
POINT 2113 w201 1 0.8610779292
POINT 2114 w201 -2 0.8610779292
POINT 2115 w201 2 0.8610779292
POINT 2116 w201 0 1.024
POINT 2117 w201 -1 1.024
POINT 2118 w201 1 1.024
POINT 2119 w201 -2 1.024
POINT 2120 w201 2 1.024
POINT 2121 w201 0 1.2177480858
POINT 2122 w201 -1 1.2177480858
POINT 2123 w201 1 1.2177480858
POINT 2124 w201 -2 1.2177480858
POINT 2125 w201 2 1.2177480858
POINT 2126 w201 0 1.4481546879
POINT 2127 w201 -1 1.4481546879
POINT 2128 w201 1 1.4481546879
POINT 2129 w201 -2 1.4481546879
POINT 2130 w201 2 1.4481546879
POINT 2131 w201 0 2.048
POINT 2132 w201 -1 2.048
POINT 2133 w201 1 2.048
POINT 2134 w201 -2 2.048
POINT 2135 w201 2 2.048
POINT 2136 w201 0 2.8963093757
POINT 2137 w201 -1 2.8963093757
POINT 2138 w201 1 2.8963093757
POINT 2139 w201 -2 2.8963093757
POINT 2140 w201 2 2.8963093757
POINT 2141 w201 0 4.096
POINT 2142 w201 -1 4.096
POINT 2143 w201 1 4.096
POINT 2144 w201 -2 4.096
POINT 2145 w201 2 4.096
POINT 2146 w201 0 8.192
POINT 2147 w201 -1 8.192
POINT 2148 w201 1 8.192
POINT 2149 w201 -2 8.192
POINT 2150 w201 2 8.192
POINT 2151 w201 0 11.585237503
POINT 2152 w201 -1 11.585237503
POINT 2153 w201 1 11.585237503
POINT 2154 w201 -2 11.585237503
POINT 2155 w201 2 11.585237503
POINT 2156 w201 0 16.384
POINT 2157 w201 -1 16.384
POINT 2158 w201 1 16.384
POINT 2159 w201 -2 16.384
POINT 2160 w201 2 16.384
POINT 2161 w201 0 23.1704750059
POINT 2162 w201 -1 23.1704750059
POINT 2163 w201 1 23.1704750059
POINT 2164 w201 -2 23.1704750059
POINT 2165 w201 2 23.1704750059
POINT 2166 w201 0 32.768
POINT 2167 w201 -1 32.768
POINT 2168 w201 1 32.768
POINT 2169 w201 -2 32.768
POINT 2170 w201 2 32.768
POINT 2171 w201 0 65.536
POINT 2172 w201 -1 65.536
POINT 2173 w201 1 65.536
POINT 2174 w201 -2 65.536
POINT 2175 w201 2 65.536
POINT 2176 w202 0 0.001
POINT 2177 w202 -1 0.001
POINT 2178 w202 1 0.001
POINT 2179 w202 -2 0.001
POINT 2180 w202 2 0.001
POINT 2181 w202 0 0.004
POINT 2182 w202 -1 0.004
POINT 2183 w202 1 0.004
POINT 2184 w202 -2 0.004
POINT 2185 w202 2 0.004
POINT 2186 w202 0 0.0056568542
POINT 2187 w202 -1 0.0056568542
POINT 2188 w202 1 0.0056568542
POINT 2189 w202 -2 0.0056568542
POINT 2190 w202 2 0.0056568542
POINT 2191 w202 0 0.0067271713
POINT 2192 w202 -1 0.0067271713
POINT 2193 w202 1 0.0067271713
POINT 2194 w202 -2 0.0067271713
POINT 2195 w202 2 0.0067271713
POINT 2196 w202 0 0.008
POINT 2197 w202 -1 0.008
POINT 2198 w202 1 0.008
POINT 2199 w202 -2 0.008
POINT 2200 w202 2 0.008
POINT 2201 w202 0 0.0095136569
POINT 2202 w202 -1 0.0095136569
POINT 2203 w202 1 0.0095136569
POINT 2204 w202 -2 0.0095136569
POINT 2205 w202 2 0.0095136569
POINT 2206 w202 0 0.0113137085
POINT 2207 w202 -1 0.0113137085
POINT 2208 w202 1 0.0113137085
POINT 2209 w202 -2 0.0113137085
POINT 2210 w202 2 0.0113137085
POINT 2211 w202 0 0.016
POINT 2212 w202 -1 0.016
POINT 2213 w202 1 0.016
POINT 2214 w202 -2 0.016
POINT 2215 w202 2 0.016
POINT 2216 w202 0 0.064
POINT 2217 w202 -1 0.064
POINT 2218 w202 1 0.064
POINT 2219 w202 -2 0.064
POINT 2220 w202 2 0.064
POINT 2221 w202 0 0.090509668
POINT 2222 w202 -1 0.090509668
POINT 2223 w202 1 0.090509668
POINT 2224 w202 -2 0.090509668
POINT 2225 w202 2 0.090509668
POINT 2226 w202 0 0.128
POINT 2227 w202 -1 0.128
POINT 2228 w202 1 0.128
POINT 2229 w202 -2 0.128
POINT 2230 w202 2 0.128
POINT 2231 w202 0 0.181019336
POINT 2232 w202 -1 0.181019336
POINT 2233 w202 1 0.181019336
POINT 2234 w202 -2 0.181019336
POINT 2235 w202 2 0.181019336
POINT 2236 w202 0 0.256
POINT 2237 w202 -1 0.256
POINT 2238 w202 1 0.256
POINT 2239 w202 -2 0.256
POINT 2240 w202 2 0.256
POINT 2241 w202 0 0.362038672
POINT 2242 w202 -1 0.362038672
POINT 2243 w202 1 0.362038672
POINT 2244 w202 -2 0.362038672
POINT 2245 w202 2 0.362038672
POINT 2246 w202 0 0.512
POINT 2247 w202 -1 0.512
POINT 2248 w202 1 0.512
POINT 2249 w202 -2 0.512
POINT 2250 w202 2 0.512
POINT 2251 w202 0 0.7240773439
POINT 2252 w202 -1 0.7240773439
POINT 2253 w202 1 0.7240773439
POINT 2254 w202 -2 0.7240773439
POINT 2255 w202 2 0.7240773439
POINT 2256 w202 0 1.024
POINT 2257 w202 -1 1.024
POINT 2258 w202 1 1.024
POINT 2259 w202 -2 1.024
POINT 2260 w202 2 1.024
POINT 2261 w202 0 1.4481546879
POINT 2262 w202 -1 1.4481546879
POINT 2263 w202 1 1.4481546879
POINT 2264 w202 -2 1.4481546879
POINT 2265 w202 2 1.4481546879
POINT 2266 w202 0 2.048
POINT 2267 w202 -1 2.048
POINT 2268 w202 1 2.048
POINT 2269 w202 -2 2.048
POINT 2270 w202 2 2.048
POINT 2271 w202 0 2.8963093757
POINT 2272 w202 -1 2.8963093757
POINT 2273 w202 1 2.8963093757
POINT 2274 w202 -2 2.8963093757
POINT 2275 w202 2 2.8963093757
POINT 2276 w202 0 4.096
POINT 2277 w202 -1 4.096
POINT 2278 w202 1 4.096
POINT 2279 w202 -2 4.096
POINT 2280 w202 2 4.096
POINT 2281 w202 0 5.7926187515
POINT 2282 w202 -1 5.7926187515
POINT 2283 w202 1 5.7926187515
POINT 2284 w202 -2 5.7926187515
POINT 2285 w202 2 5.7926187515
POINT 2286 w202 0 8.192
POINT 2287 w202 -1 8.192
POINT 2288 w202 1 8.192
POINT 2289 w202 -2 8.192
POINT 2290 w202 2 8.192
POINT 2291 w202 0 16.384
POINT 2292 w202 -1 16.384
POINT 2293 w202 1 16.384
POINT 2294 w202 -2 16.384
POINT 2295 w202 2 16.384
POINT 2296 w202 0 65.536
POINT 2297 w202 -1 65.536
POINT 2298 w202 1 65.536
POINT 2299 w202 -2 65.536
POINT 2300 w202 2 65.536
POINT 2301 w203 0 0.001
POINT 2302 w203 -1 0.001
POINT 2303 w203 1 0.001
POINT 2304 w203 -2 0.001
POINT 2305 w203 2 0.001
POINT 2306 w203 0 0.004
POINT 2307 w203 -1 0.004
POINT 2308 w203 1 0.004
POINT 2309 w203 -2 0.004
POINT 2310 w203 2 0.004
POINT 2311 w203 0 0.016
POINT 2312 w203 -1 0.016
POINT 2313 w203 1 0.016
POINT 2314 w203 -2 0.016
POINT 2315 w203 2 0.016
POINT 2316 w203 0 0.032
POINT 2317 w203 -1 0.032
POINT 2318 w203 1 0.032
POINT 2319 w203 -2 0.032
POINT 2320 w203 2 0.032
POINT 2321 w203 0 0.045254834
POINT 2322 w203 -1 0.045254834
POINT 2323 w203 1 0.045254834
POINT 2324 w203 -2 0.045254834
POINT 2325 w203 2 0.045254834
POINT 2326 w203 0 0.0538173706
POINT 2327 w203 -1 0.0538173706
POINT 2328 w203 1 0.0538173706
POINT 2329 w203 -2 0.0538173706
POINT 2330 w203 2 0.0538173706
POINT 2331 w203 0 0.064
POINT 2332 w203 -1 0.064
POINT 2333 w203 1 0.064
POINT 2334 w203 -2 0.064
POINT 2335 w203 2 0.064
POINT 2336 w203 0 0.0761092554
POINT 2337 w203 -1 0.0761092554
POINT 2338 w203 1 0.0761092554
POINT 2339 w203 -2 0.0761092554
POINT 2340 w203 2 0.0761092554
POINT 2341 w203 0 0.090509668
POINT 2342 w203 -1 0.090509668
POINT 2343 w203 1 0.090509668
POINT 2344 w203 -2 0.090509668
POINT 2345 w203 2 0.090509668
POINT 2346 w203 0 0.128
POINT 2347 w203 -1 0.128
POINT 2348 w203 1 0.128
POINT 2349 w203 -2 0.128
POINT 2350 w203 2 0.128
POINT 2351 w203 0 0.256
POINT 2352 w203 -1 0.256
POINT 2353 w203 1 0.256
POINT 2354 w203 -2 0.256
POINT 2355 w203 2 0.256
POINT 2356 w203 0 1.024
POINT 2357 w203 -1 1.024
POINT 2358 w203 1 1.024
POINT 2359 w203 -2 1.024
POINT 2360 w203 2 1.024
POINT 2361 w203 0 2.048
POINT 2362 w203 -1 2.048
POINT 2363 w203 1 2.048
POINT 2364 w203 -2 2.048
POINT 2365 w203 2 2.048
POINT 2366 w203 0 2.8963093757
POINT 2367 w203 -1 2.8963093757
POINT 2368 w203 1 2.8963093757
POINT 2369 w203 -2 2.8963093757
POINT 2370 w203 2 2.8963093757
POINT 2371 w203 0 3.4443117169
POINT 2372 w203 -1 3.4443117169
POINT 2373 w203 1 3.4443117169
POINT 2374 w203 -2 3.4443117169
POINT 2375 w203 2 3.4443117169
POINT 2376 w203 0 4.096
POINT 2377 w203 -1 4.096
POINT 2378 w203 1 4.096
POINT 2379 w203 -2 4.096
POINT 2380 w203 2 4.096
POINT 2381 w203 0 8.192
POINT 2382 w203 -1 8.192
POINT 2383 w203 1 8.192
POINT 2384 w203 -2 8.192
POINT 2385 w203 2 8.192
POINT 2386 w203 0 9.7419846861
POINT 2387 w203 -1 9.7419846861
POINT 2388 w203 1 9.7419846861
POINT 2389 w203 -2 9.7419846861
POINT 2390 w203 2 9.7419846861
POINT 2391 w203 0 11.585237503
POINT 2392 w203 -1 11.585237503
POINT 2393 w203 1 11.585237503
POINT 2394 w203 -2 11.585237503
POINT 2395 w203 2 11.585237503
POINT 2396 w203 0 16.384
POINT 2397 w203 -1 16.384
POINT 2398 w203 1 16.384
POINT 2399 w203 -2 16.384
POINT 2400 w203 2 16.384
POINT 2401 w203 0 19.4839693722
POINT 2402 w203 -1 19.4839693722
POINT 2403 w203 1 19.4839693722
POINT 2404 w203 -2 19.4839693722
POINT 2405 w203 2 19.4839693722
POINT 2406 w203 0 23.1704750059
POINT 2407 w203 -1 23.1704750059
POINT 2408 w203 1 23.1704750059
POINT 2409 w203 -2 23.1704750059
POINT 2410 w203 2 23.1704750059
POINT 2411 w203 0 27.554493735
POINT 2412 w203 -1 27.554493735
POINT 2413 w203 1 27.554493735
POINT 2414 w203 -2 27.554493735
POINT 2415 w203 2 27.554493735
POINT 2416 w203 0 32.768
POINT 2417 w203 -1 32.768
POINT 2418 w203 1 32.768
POINT 2419 w203 -2 32.768
POINT 2420 w203 2 32.768
POINT 2421 w203 0 65.536
POINT 2422 w203 -1 65.536
POINT 2423 w203 1 65.536
POINT 2424 w203 -2 65.536
POINT 2425 w203 2 65.536
POINT 2426 w204 0 0.001
POINT 2427 w204 -1 0.001
POINT 2428 w204 1 0.001
POINT 2429 w204 -2 0.001
POINT 2430 w204 2 0.001
POINT 2431 w204 0 0.004
POINT 2432 w204 -1 0.004
POINT 2433 w204 1 0.004
POINT 2434 w204 -2 0.004
POINT 2435 w204 2 0.004
POINT 2436 w204 0 0.0056568542
POINT 2437 w204 -1 0.0056568542
POINT 2438 w204 1 0.0056568542
POINT 2439 w204 -2 0.0056568542
POINT 2440 w204 2 0.0056568542
POINT 2441 w204 0 0.0067271713
POINT 2442 w204 -1 0.0067271713
POINT 2443 w204 1 0.0067271713
POINT 2444 w204 -2 0.0067271713
POINT 2445 w204 2 0.0067271713
POINT 2446 w204 0 0.008
POINT 2447 w204 -1 0.008
POINT 2448 w204 1 0.008
POINT 2449 w204 -2 0.008
POINT 2450 w204 2 0.008
POINT 2451 w204 0 0.0095136569
POINT 2452 w204 -1 0.0095136569
POINT 2453 w204 1 0.0095136569
POINT 2454 w204 -2 0.0095136569
POINT 2455 w204 2 0.0095136569
POINT 2456 w204 0 0.0113137085
POINT 2457 w204 -1 0.0113137085
POINT 2458 w204 1 0.0113137085
POINT 2459 w204 -2 0.0113137085
POINT 2460 w204 2 0.0113137085
POINT 2461 w204 0 0.016
POINT 2462 w204 -1 0.016
POINT 2463 w204 1 0.016
POINT 2464 w204 -2 0.016
POINT 2465 w204 2 0.016
POINT 2466 w204 0 0.064
POINT 2467 w204 -1 0.064
POINT 2468 w204 1 0.064
POINT 2469 w204 -2 0.064
POINT 2470 w204 2 0.064
POINT 2471 w204 0 0.256
POINT 2472 w204 -1 0.256
POINT 2473 w204 1 0.256
POINT 2474 w204 -2 0.256
POINT 2475 w204 2 0.256
POINT 2476 w204 0 0.3044370215
POINT 2477 w204 -1 0.3044370215
POINT 2478 w204 1 0.3044370215
POINT 2479 w204 -2 0.3044370215
POINT 2480 w204 2 0.3044370215
POINT 2481 w204 0 0.362038672
POINT 2482 w204 -1 0.362038672
POINT 2483 w204 1 0.362038672
POINT 2484 w204 -2 0.362038672
POINT 2485 w204 2 0.362038672
POINT 2486 w204 0 0.512
POINT 2487 w204 -1 0.512
POINT 2488 w204 1 0.512
POINT 2489 w204 -2 0.512
POINT 2490 w204 2 0.512
POINT 2491 w204 0 0.7240773439
POINT 2492 w204 -1 0.7240773439
POINT 2493 w204 1 0.7240773439
POINT 2494 w204 -2 0.7240773439
POINT 2495 w204 2 0.7240773439
POINT 2496 w204 0 0.8610779292
POINT 2497 w204 -1 0.8610779292
POINT 2498 w204 1 0.8610779292
POINT 2499 w204 -2 0.8610779292
POINT 2500 w204 2 0.8610779292
POINT 2501 w204 0 1.024
POINT 2502 w204 -1 1.024
POINT 2503 w204 1 1.024
POINT 2504 w204 -2 1.024
POINT 2505 w204 2 1.024
POINT 2506 w204 0 1.4481546879
POINT 2507 w204 -1 1.4481546879
POINT 2508 w204 1 1.4481546879
POINT 2509 w204 -2 1.4481546879
POINT 2510 w204 2 1.4481546879
POINT 2511 w204 0 2.048
POINT 2512 w204 -1 2.048
POINT 2513 w204 1 2.048
POINT 2514 w204 -2 2.048
POINT 2515 w204 2 2.048
POINT 2516 w204 0 2.8963093757
POINT 2517 w204 -1 2.8963093757
POINT 2518 w204 1 2.8963093757
POINT 2519 w204 -2 2.8963093757
POINT 2520 w204 2 2.8963093757
POINT 2521 w204 0 4.096
POINT 2522 w204 -1 4.096
POINT 2523 w204 1 4.096
POINT 2524 w204 -2 4.096
POINT 2525 w204 2 4.096
POINT 2526 w204 0 5.7926187515
POINT 2527 w204 -1 5.7926187515
POINT 2528 w204 1 5.7926187515
POINT 2529 w204 -2 5.7926187515
POINT 2530 w204 2 5.7926187515
POINT 2531 w204 0 8.192
POINT 2532 w204 -1 8.192
POINT 2533 w204 1 8.192
POINT 2534 w204 -2 8.192
POINT 2535 w204 2 8.192
POINT 2536 w204 0 11.585237503
POINT 2537 w204 -1 11.585237503
POINT 2538 w204 1 11.585237503
POINT 2539 w204 -2 11.585237503
POINT 2540 w204 2 11.585237503
POINT 2541 w204 0 16.384
POINT 2542 w204 -1 16.384
POINT 2543 w204 1 16.384
POINT 2544 w204 -2 16.384
POINT 2545 w204 2 16.384
POINT 2546 w204 0 65.536
POINT 2547 w204 -1 65.536
POINT 2548 w204 1 65.536
POINT 2549 w204 -2 65.536
POINT 2550 w204 2 65.536
POINT 2551 h101 -2 0.128
POINT 2552 h101 -1 0.128
POINT 2553 h101 0 0.128
POINT 2554 h101 1 0.128
POINT 2555 h101 2 0.128
POINT 2556 h102 -2 0.032
POINT 2557 h102 -1 0.032
POINT 2558 h102 0 0.032
POINT 2559 h102 1 0.032
POINT 2560 h102 2 0.032
POINT 2561 h103 -2 0.032
POINT 2562 h103 -1 0.032
POINT 2563 h103 0 0.032
POINT 2564 h103 1 0.032
POINT 2565 h103 2 0.032
POINT 2566 h104 -2 0.032
POINT 2567 h104 -1 0.032
POINT 2568 h104 0 0.032
POINT 2569 h104 1 0.032
POINT 2570 h104 2 0.032
POINT 2571 h105 -2 0.128
POINT 2572 h105 -1 0.128
POINT 2573 h105 0 0.128
POINT 2574 h105 1 0.128
POINT 2575 h105 2 0.128
POINT 2576 h106 -2 0.032
POINT 2577 h106 -1 0.032
POINT 2578 h106 0 0.032
POINT 2579 h106 1 0.032
POINT 2580 h106 2 0.032
POINT 2581 w201 -2 0.128
POINT 2582 w201 -1 0.128
POINT 2583 w201 0 0.128
POINT 2584 w201 1 0.128
POINT 2585 w201 2 0.128
POINT 2586 w202 -2 0.032
POINT 2587 w202 -1 0.032
POINT 2588 w202 0 0.032
POINT 2589 w202 1 0.032
POINT 2590 w202 2 0.032
POINT 2591 w203 -2 0.512
POINT 2592 w203 -1 0.512
POINT 2593 w203 0 0.512
POINT 2594 w203 1 0.512
POINT 2595 w203 2 0.512
POINT 2596 w204 -2 0.032
POINT 2597 w204 -1 0.032
POINT 2598 w204 0 0.032
POINT 2599 w204 1 0.032
POINT 2600 w204 2 0.032
POINT 2601 h101 -2 0.045254834
POINT 2602 h101 -1 0.045254834
POINT 2603 h101 0 0.045254834
POINT 2604 h101 1 0.045254834
POINT 2605 h101 2 0.045254834
POINT 2606 h102 -2 0.128
POINT 2607 h102 -1 0.128
POINT 2608 h102 0 0.128
POINT 2609 h102 1 0.128
POINT 2610 h102 2 0.128
POINT 2611 h103 -2 0.128
POINT 2612 h103 -1 0.128
POINT 2613 h103 0 0.128
POINT 2614 h103 1 0.128
POINT 2615 h103 2 0.128
POINT 2616 h104 -2 0.128
POINT 2617 h104 -1 0.128
POINT 2618 h104 0 0.128
POINT 2619 h104 1 0.128
POINT 2620 h104 2 0.128
POINT 2621 h105 -2 0.090509668
POINT 2622 h105 -1 0.090509668
POINT 2623 h105 0 0.090509668
POINT 2624 h105 1 0.090509668
POINT 2625 h105 2 0.090509668
POINT 2626 h106 -2 0.045254834
POINT 2627 h106 -1 0.045254834
POINT 2628 h106 0 0.045254834
POINT 2629 h106 1 0.045254834
POINT 2630 h106 2 0.045254834
POINT 2631 w201 -2 0.045254834
POINT 2632 w201 -1 0.045254834
POINT 2633 w201 0 0.045254834
POINT 2634 w201 1 0.045254834
POINT 2635 w201 2 0.045254834
POINT 2636 w202 -2 0.045254834
POINT 2637 w202 -1 0.045254834
POINT 2638 w202 0 0.045254834
POINT 2639 w202 1 0.045254834
POINT 2640 w202 2 0.045254834
POINT 2641 w203 -2 0.181019336
POINT 2642 w203 -1 0.181019336
POINT 2643 w203 0 0.181019336
POINT 2644 w203 1 0.181019336
POINT 2645 w203 2 0.181019336
POINT 2646 w204 -2 0.128
POINT 2647 w204 -1 0.128
POINT 2648 w204 0 0.128
POINT 2649 w204 1 0.128
POINT 2650 w204 2 0.128
POINT 2651 h101 -2 0.090509668
POINT 2652 h101 -1 0.090509668
POINT 2653 h101 0 0.090509668
POINT 2654 h101 1 0.090509668
POINT 2655 h101 2 0.090509668
POINT 2656 h102 -2 0.045254834
POINT 2657 h102 -1 0.045254834
POINT 2658 h102 0 0.045254834
POINT 2659 h102 1 0.045254834
POINT 2660 h102 2 0.045254834
POINT 2661 h103 -2 0.045254834
POINT 2662 h103 -1 0.045254834
POINT 2663 h103 0 0.045254834
POINT 2664 h103 1 0.045254834
POINT 2665 h103 2 0.045254834
POINT 2666 h104 -2 0.022627417
POINT 2667 h104 -1 0.022627417
POINT 2668 h104 0 0.022627417
POINT 2669 h104 1 0.022627417
POINT 2670 h104 2 0.022627417
POINT 2671 h105 -2 0.181019336
POINT 2672 h105 -1 0.181019336
POINT 2673 h105 0 0.181019336
POINT 2674 h105 1 0.181019336
POINT 2675 h105 2 0.181019336
POINT 2676 h106 -2 0.7240773439
POINT 2677 h106 -1 0.7240773439
POINT 2678 h106 0 0.7240773439
POINT 2679 h106 1 0.7240773439
POINT 2680 h106 2 0.7240773439
POINT 2681 w201 -2 0.090509668
POINT 2682 w201 -1 0.090509668
POINT 2683 w201 0 0.090509668
POINT 2684 w201 1 0.090509668
POINT 2685 w201 2 0.090509668
POINT 2686 w202 -2 0.0761092554
POINT 2687 w202 -1 0.0761092554
POINT 2688 w202 0 0.0761092554
POINT 2689 w202 1 0.0761092554
POINT 2690 w202 2 0.0761092554
POINT 2691 w203 -2 0.362038672
POINT 2692 w203 -1 0.362038672
POINT 2693 w203 0 0.362038672
POINT 2694 w203 1 0.362038672
POINT 2695 w203 2 0.362038672
POINT 2696 w204 -2 0.045254834
POINT 2697 w204 -1 0.045254834
POINT 2698 w204 0 0.045254834
POINT 2699 w204 1 0.045254834
POINT 2700 w204 2 0.045254834
POINT 2701 h101 -2 0.181019336
POINT 2702 h101 -1 0.181019336
POINT 2703 h101 0 0.181019336
POINT 2704 h101 1 0.181019336
POINT 2705 h101 2 0.181019336
POINT 2706 h102 -2 0.090509668
POINT 2707 h102 -1 0.090509668
POINT 2708 h102 0 0.090509668
POINT 2709 h102 1 0.090509668
POINT 2710 h102 2 0.090509668
POINT 2711 h103 -2 0.090509668
POINT 2712 h103 -1 0.090509668
POINT 2713 h103 0 0.090509668
POINT 2714 h103 1 0.090509668
POINT 2715 h103 2 0.090509668
POINT 2716 h104 -2 0.045254834
POINT 2717 h104 -1 0.045254834
POINT 2718 h104 0 0.045254834
POINT 2719 h104 1 0.045254834
POINT 2720 h104 2 0.045254834
POINT 2721 h105 -2 0.362038672
POINT 2722 h105 -1 0.362038672
POINT 2723 h105 0 0.362038672
POINT 2724 h105 1 0.362038672
POINT 2725 h105 2 0.362038672
POINT 2726 h106 -2 0.0761092554
POINT 2727 h106 -1 0.0761092554
POINT 2728 h106 0 0.0761092554
POINT 2729 h106 1 0.0761092554
POINT 2730 h106 2 0.0761092554
POINT 2731 w201 -2 0.181019336
POINT 2732 w201 -1 0.181019336
POINT 2733 w201 0 0.181019336
POINT 2734 w201 1 0.181019336
POINT 2735 w201 2 0.181019336
POINT 2736 w202 -2 0.1522185107
POINT 2737 w202 -1 0.1522185107
POINT 2738 w202 0 0.1522185107
POINT 2739 w202 1 0.1522185107
POINT 2740 w202 2 0.1522185107
POINT 2741 w203 -2 0.7240773439
POINT 2742 w203 -1 0.7240773439
POINT 2743 w203 0 0.7240773439
POINT 2744 w203 1 0.7240773439
POINT 2745 w203 2 0.7240773439
POINT 2746 w204 -2 0.090509668
POINT 2747 w204 -1 0.090509668
POINT 2748 w204 0 0.090509668
POINT 2749 w204 1 0.090509668
POINT 2750 w204 2 0.090509668
POINT 2751 h101 -2 0.362038672
POINT 2752 h101 -1 0.362038672
POINT 2753 h101 0 0.362038672
POINT 2754 h101 1 0.362038672
POINT 2755 h101 2 0.362038672
POINT 2756 h102 -2 0.181019336
POINT 2757 h102 -1 0.181019336
POINT 2758 h102 0 0.181019336
POINT 2759 h102 1 0.181019336
POINT 2760 h102 2 0.181019336
POINT 2761 h103 -2 0.181019336
POINT 2762 h103 -1 0.181019336
POINT 2763 h103 0 0.181019336
POINT 2764 h103 1 0.181019336
POINT 2765 h103 2 0.181019336
POINT 2766 h104 -2 0.090509668
POINT 2767 h104 -1 0.090509668
POINT 2768 h104 0 0.090509668
POINT 2769 h104 1 0.090509668
POINT 2770 h104 2 0.090509668
POINT 2771 h105 -2 1.4481546879
POINT 2772 h105 -1 1.4481546879
POINT 2773 h105 0 1.4481546879
POINT 2774 h105 1 1.4481546879
POINT 2775 h105 2 1.4481546879
POINT 2776 h106 -2 0.6088740429
POINT 2777 h106 -1 0.6088740429
POINT 2778 h106 0 0.6088740429
POINT 2779 h106 1 0.6088740429
POINT 2780 h106 2 0.6088740429
POINT 2781 w201 -2 0.362038672
POINT 2782 w201 -1 0.362038672
POINT 2783 w201 0 0.362038672
POINT 2784 w201 1 0.362038672
POINT 2785 w201 2 0.362038672
POINT 2786 w202 -2 0.3044370215
POINT 2787 w202 -1 0.3044370215
POINT 2788 w202 0 0.3044370215
POINT 2789 w202 1 0.3044370215
POINT 2790 w202 2 0.3044370215
POINT 2791 w203 -2 2.4354961715
POINT 2792 w203 -1 2.4354961715
POINT 2793 w203 0 2.4354961715
POINT 2794 w203 1 2.4354961715
POINT 2795 w203 2 2.4354961715
POINT 2796 w204 -2 0.181019336
POINT 2797 w204 -1 0.181019336
POINT 2798 w204 0 0.181019336
POINT 2799 w204 1 0.181019336
POINT 2800 w204 2 0.181019336
POINT 2801 h101 -2 0.0380546277
POINT 2802 h101 -1 0.0380546277
POINT 2803 h101 0 0.0380546277
POINT 2804 h101 1 0.0380546277
POINT 2805 h101 2 0.0380546277
POINT 2806 h102 -2 0.0380546277
POINT 2807 h102 -1 0.0380546277
POINT 2808 h102 0 0.0380546277
POINT 2809 h102 1 0.0380546277
POINT 2810 h102 2 0.0380546277
POINT 2811 h103 -2 0.362038672
POINT 2812 h103 -1 0.362038672
POINT 2813 h103 0 0.362038672
POINT 2814 h103 1 0.362038672
POINT 2815 h103 2 0.362038672
POINT 2816 h104 -2 0.181019336
POINT 2817 h104 -1 0.181019336
POINT 2818 h104 0 0.181019336
POINT 2819 h104 1 0.181019336
POINT 2820 h104 2 0.181019336
POINT 2821 h105 -2 0.0761092554
POINT 2822 h105 -1 0.0761092554
POINT 2823 h105 0 0.0761092554
POINT 2824 h105 1 0.0761092554
POINT 2825 h105 2 0.0761092554
POINT 2826 h106 -2 0.0538173706
POINT 2827 h106 -1 0.0538173706
POINT 2828 h106 0 0.0538173706
POINT 2829 h106 1 0.0538173706
POINT 2830 h106 2 0.0538173706
POINT 2831 w201 -2 5.7926187515
POINT 2832 w201 -1 5.7926187515
POINT 2833 w201 0 5.7926187515
POINT 2834 w201 1 5.7926187515
POINT 2835 w201 2 5.7926187515
POINT 2836 w202 -2 0.6088740429
POINT 2837 w202 -1 0.6088740429
POINT 2838 w202 0 0.6088740429
POINT 2839 w202 1 0.6088740429
POINT 2840 w202 2 0.6088740429
POINT 2841 w203 -2 0.6088740429
POINT 2842 w203 -1 0.6088740429
POINT 2843 w203 0 0.6088740429
POINT 2844 w203 1 0.6088740429
POINT 2845 w203 2 0.6088740429
POINT 2846 w204 -2 0.0380546277
POINT 2847 w204 -1 0.0380546277
POINT 2848 w204 0 0.0380546277
POINT 2849 w204 1 0.0380546277
POINT 2850 w204 2 0.0380546277
